[HTTP] Server running on http://localhost:3000
[WS] New client connected
[WS] JOIN_LOBBY from chef_oe8eift10 (matchType: web, maxPlayers: 2, inputCode: none)
[WS] Created new room VQH1Q (web, maxPlayers: 2). Player chef_oe8eift10 is host.
[WS] New client connected
[WS] JOIN_LOBBY from chef_jxw6a9w2c (matchType: web, maxPlayers: 2, inputCode: none)
[WS] Found matching room VQH1Q (1/2 players)
[WS] Player chef_jxw6a9w2c joining existing room VQH1Q
[WS] JOIN_LOBBY from chef_jxw6a9w2c (matchType: web, maxPlayers: 2, inputCode: VQH1Q)
[WS] Created new room ED36S (web, maxPlayers: 2). Player chef_jxw6a9w2c is host.
[WS] JOIN_LOBBY from chef_jxw6a9w2c (matchType: web, maxPlayers: 2, inputCode: VQH1Q)
[WS] Found matching room ED36S (1/2 players)
[WS] Player chef_jxw6a9w2c joining existing room ED36S
[WS] JOIN_LOBBY from chef_jxw6a9w2c (matchType: web, maxPlayers: 2, inputCode: VQH1Q)
[WS] Found matching room ED36S (1/2 players)
[WS] Player chef_jxw6a9w2c joining existing room ED36S
[WS] JOIN_LOBBY from chef_jxw6a9w2c (matchType: web, maxPlayers: 2, inputCode: VQH1Q)
[WS] Found matching room ED36S (1/2 players)
[WS] Player chef_jxw6a9w2c joining existing room ED36S
[WS] Player chef_jxw6a9w2c explicitly left room ED36S. Performing immediate cleanup.
[WS] Room ED36S empty. Destroying.
[WS] JOIN_LOBBY from chef_oe8eift10 (matchType: web, maxPlayers: 2, inputCode: VQH1Q)
[WS] Created new room 6L87Y (web, maxPlayers: 2). Player chef_oe8eift10 is host.
[WS] JOIN_LOBBY from chef_oe8eift10 (matchType: web, maxPlayers: 2, inputCode: VQH1Q)
[WS] Found matching room 6L87Y (1/2 players)
[WS] Player chef_oe8eift10 joining existing room 6L87Y
[WS] JOIN_LOBBY from chef_oe8eift10 (matchType: web, maxPlayers: 2, inputCode: VQH1Q)
[WS] Found matching room 6L87Y (1/2 players)
[WS] Player chef_oe8eift10 joining existing room 6L87Y
[WS] JOIN_LOBBY from chef_oe8eift10 (matchType: web, maxPlayers: 2, inputCode: VQH1Q)
[WS] Found matching room 6L87Y (1/2 players)
[WS] Player chef_oe8eift10 joining existing room 6L87Y
[WS] Player chef_oe8eift10 explicitly left room 6L87Y. Performing immediate cleanup.
[WS] Room 6L87Y empty. Destroying.
[WS] Client closed connection
[2m5:33:51 p. m.[22m [36m[1m[vite][22m[39m [90m[2m(client)[22m[39m [32mhmr update [39m[2m/@fs/C:\Users\felipe\Downloads\cartoon-cooking-game\src\components\GameCanvas.tsx, /src/index.css[22m
[2m5:33:51 p. m.[22m [36m[1m[vite][22m[39m [90m[2m(client)[22m[39m [32mhmr update [39m[2m/src/index.css, /src/App.tsx, /@fs/C:\Users\felipe\Downloads\cartoon-cooking-game\src\components\OnlineLobby.tsx, /@fs/C:\Users\felipe\Downloads\cartoon-cooking-game\src\components\GameCanvas.tsx[22m
[2m5:33:54 p. m.[22m [36m[1m[vite][22m[39m [90m[2m(client)[22m[39m [33mhmr invalidate [39m[2m/@fs/C:\Users\felipe\Downloads\cartoon-cooking-game\src\components\GameCanvas.tsx[22m Could not Fast Refresh ("isAndroidDevice" export is incompatible). Learn more at https://github.com/vitejs/vite-plugin-react/tree/main/packages/plugin-react#consistent-components-exports
[2m5:33:54 p. m.[22m [36m[1m[vite][22m[39m [90m[2m(client)[22m[39m [32mhmr update [39m[2m/src/index.css, /src/App.tsx[22m
[2m5:34:08 p. m.[22m [36m[1m[vite][22m[39m [90m[2m(client)[22m[39m [32mhmr update [39m[2m/@fs/C:\Users\felipe\Downloads\cartoon-cooking-game\src\components\GameCanvas.tsx, /src/index.css[22m
[2m5:34:10 p. m.[22m [36m[1m[vite][22m[39m [90m[2m(client)[22m[39m [33mhmr invalidate [39m[2m/@fs/C:\Users\felipe\Downloads\cartoon-cooking-game\src\components\GameCanvas.tsx[22m Could not Fast Refresh ("isAndroidDevice" export is incompatible). Learn more at https://github.com/vitejs/vite-plugin-react/tree/main/packages/plugin-react#consistent-components-exports
[2m5:34:10 p. m.[22m [36m[1m[vite][22m[39m [90m[2m(client)[22m[39m [32mhmr update [39m[2m/src/index.css, /src/App.tsx[22m
[2m5:34:19 p. m.[22m [36m[1m[vite][22m[39m [90m[2m(client)[22m[39m [32mhmr update [39m[2m/@fs/C:\Users\felipe\Downloads\cartoon-cooking-game\src\components\GameCanvas.tsx, /src/index.css[22m
[2m5:34:20 p. m.[22m [36m[1m[vite][22m[39m [90m[2m(client)[22m[39m [33mhmr invalidate [39m[2m/@fs/C:\Users\felipe\Downloads\cartoon-cooking-game\src\components\GameCanvas.tsx[22m Could not Fast Refresh ("isAndroidDevice" export is incompatible). Learn more at https://github.com/vitejs/vite-plugin-react/tree/main/packages/plugin-react#consistent-components-exports
[2m5:34:20 p. m.[22m [36m[1m[vite][22m[39m [90m[2m(client)[22m[39m [32mhmr update [39m[2m/src/index.css, /src/App.tsx[22m
[WS] Client closed connection
[WS] New client connected
[WS] JOIN_LOBBY from chef_oe8eift10 (matchType: web, maxPlayers: 2, inputCode: none)
[WS] Created new room WBBXB (web, maxPlayers: 2). Player chef_oe8eift10 is host.
[WS] UPDATE_PLAYER_STATE from chef_oe8eift10 (role 1) pos: 225,315 -> broadcasting to room WBBXB
[WS] UPDATE_PLAYER_STATE from chef_oe8eift10 (role 1) pos: 225,315 -> broadcasting to room WBBXB
[WS] UPDATE_PLAYER_STATE from chef_oe8eift10 (role 1) pos: 225,315 -> broadcasting to room WBBXB
[WS] UPDATE_PLAYER_STATE from chef_oe8eift10 (role 1) pos: 225,315 -> broadcasting to room WBBXB
[WS] UPDATE_PLAYER_STATE from chef_oe8eift10 (role 1) pos: 225,315 -> broadcasting to room WBBXB
[WS] UPDATE_PLAYER_STATE from chef_oe8eift10 (role 1) pos: 225,315 -> broadcasting to room WBBXB
[WS] Player chef_oe8eift10 explicitly left room WBBXB. Performing immediate cleanup.
[WS] Room WBBXB empty. Destroying.
[WS] JOIN_LOBBY from chef_oe8eift10 (matchType: web, maxPlayers: 2, inputCode: none)
[WS] Created new room KMJVV (web, maxPlayers: 2). Player chef_oe8eift10 is host.
[WS] New client connected
[WS] JOIN_LOBBY from chef_hpql8t4uc (matchType: web, maxPlayers: 2, inputCode: none)
[WS] Found matching room KMJVV (1/2 players)
[WS] Player chef_hpql8t4uc joining existing room KMJVV
[WS] UPDATE_PLAYER_STATE from chef_oe8eift10 (role 1) pos: 225,315 -> broadcasting to room KMJVV
[WS] UPDATE_PLAYER_STATE from chef_oe8eift10 (role 1) pos: 225,315 -> broadcasting to room KMJVV
[WS] UPDATE_PLAYER_STATE from chef_hpql8t4uc (role 2) pos: 765,315 -> broadcasting to room KMJVV
[WS] UPDATE_PLAYER_STATE from chef_hpql8t4uc (role 2) pos: 765,315 -> broadcasting to room KMJVV
[WS] UPDATE_PLAYER_STATE from chef_oe8eift10 (role 1) pos: 225,315 -> broadcasting to room KMJVV
[WS] UPDATE_PLAYER_STATE from chef_hpql8t4uc (role 2) pos: 765,315 -> broadcasting to room KMJVV
[WS] UPDATE_PLAYER_STATE from chef_oe8eift10 (role 1) pos: 225,315 -> broadcasting to room KMJVV
[WS] UPDATE_PLAYER_STATE from chef_hpql8t4uc (role 2) pos: 765,315 -> broadcasting to room KMJVV
[WS] UPDATE_PLAYER_STATE from chef_oe8eift10 (role 1) pos: 225,315 -> broadcasting to room KMJVV
[WS] UPDATE_PLAYER_STATE from chef_hpql8t4uc (role 2) pos: 765,315 -> broadcasting to room KMJVV
[WS] UPDATE_PLAYER_STATE from chef_oe8eift10 (role 1) pos: 226,315 -> broadcasting to room KMJVV
[WS] UPDATE_PLAYER_STATE from chef_oe8eift10 (role 1) pos: 229,315 -> broadcasting to room KMJVV
[WS] UPDATE_PLAYER_STATE from chef_oe8eift10 (role 1) pos: 233,315 -> broadcasting to room KMJVV
[WS] UPDATE_PLAYER_STATE from chef_oe8eift10 (role 1) pos: 237,315 -> broadcasting to room KMJVV
[WS] UPDATE_PLAYER_STATE from chef_oe8eift10 (role 1) pos: 243,315 -> broadcasting to room KMJVV
[WS] UPDATE_PLAYER_STATE from chef_oe8eift10 (role 1) pos: 248,315 -> broadcasting to room KMJVV
[WS] UPDATE_PLAYER_STATE from chef_oe8eift10 (role 1) pos: 254,315 -> broadcasting to room KMJVV
[WS] UPDATE_PLAYER_STATE from chef_oe8eift10 (role 1) pos: 261,315 -> broadcasting to room KMJVV
[WS] UPDATE_PLAYER_STATE from chef_oe8eift10 (role 1) pos: 268,315 -> broadcasting to room KMJVV
[WS] UPDATE_PLAYER_STATE from chef_oe8eift10 (role 1) pos: 275,315 -> broadcasting to room KMJVV
[WS] UPDATE_PLAYER_STATE from chef_oe8eift10 (role 1) pos: 283,315 -> broadcasting to room KMJVV
[WS] UPDATE_PLAYER_STATE from chef_oe8eift10 (role 1) pos: 290,315 -> broadcasting to room KMJVV
[WS] UPDATE_PLAYER_STATE from chef_oe8eift10 (role 1) pos: 298,315 -> broadcasting to room KMJVV
[WS] UPDATE_PLAYER_STATE from chef_oe8eift10 (role 1) pos: 306,315 -> broadcasting to room KMJVV
[WS] UPDATE_PLAYER_STATE from chef_oe8eift10 (role 1) pos: 315,315 -> broadcasting to room KMJVV
[WS] UPDATE_PLAYER_STATE from chef_oe8eift10 (role 1) pos: 323,315 -> broadcasting to room KMJVV
[WS] UPDATE_PLAYER_STATE from chef_oe8eift10 (role 1) pos: 332,315 -> broadcasting to room KMJVV
[WS] UPDATE_PLAYER_STATE from chef_oe8eift10 (role 1) pos: 341,315 -> broadcasting to room KMJVV
[WS] UPDATE_PLAYER_STATE from chef_oe8eift10 (role 1) pos: 349,315 -> broadcasting to room KMJVV
[WS] UPDATE_PLAYER_STATE from chef_oe8eift10 (role 1) pos: 353,315 -> broadcasting to room KMJVV
[WS] UPDATE_PLAYER_STATE from chef_oe8eift10 (role 1) pos: 355,315 -> broadcasting to room KMJVV
[WS] UPDATE_PLAYER_STATE from chef_oe8eift10 (role 1) pos: 356,315 -> broadcasting to room KMJVV
[WS] UPDATE_PLAYER_STATE from chef_oe8eift10 (role 1) pos: 357,315 -> broadcasting to room KMJVV
[WS] UPDATE_PLAYER_STATE from chef_oe8eift10 (role 1) pos: 357,315 -> broadcasting to room KMJVV
[WS] UPDATE_PLAYER_STATE from chef_oe8eift10 (role 1) pos: 357,315 -> broadcasting to room KMJVV
[WS] UPDATE_PLAYER_STATE from chef_hpql8t4uc (role 2) pos: 765,315 -> broadcasting to room KMJVV
[WS] UPDATE_PLAYER_STATE from chef_oe8eift10 (role 1) pos: 357,315 -> broadcasting to room KMJVV
[WS] UPDATE_PLAYER_STATE from chef_hpql8t4uc (role 2) pos: 765,314 -> broadcasting to room KMJVV
[WS] UPDATE_PLAYER_STATE from chef_hpql8t4uc (role 2) pos: 765,314 -> broadcasting to room KMJVV
[WS] UPDATE_PLAYER_STATE from chef_hpql8t4uc (role 2) pos: 765,311 -> broadcasting to room KMJVV
[WS] UPDATE_PLAYER_STATE from chef_hpql8t4uc (role 2) pos: 765,307 -> broadcasting to room KMJVV
[WS] UPDATE_PLAYER_STATE from chef_hpql8t4uc (role 2) pos: 765,303 -> broadcasting to room KMJVV
[WS] UPDATE_PLAYER_STATE from chef_hpql8t4uc (role 2) pos: 765,297 -> broadcasting to room KMJVV
[WS] UPDATE_PLAYER_STATE from chef_hpql8t4uc (role 2) pos: 765,292 -> broadcasting to room KMJVV
[WS] UPDATE_PLAYER_STATE from chef_hpql8t4uc (role 2) pos: 765,286 -> broadcasting to room KMJVV
[WS] UPDATE_PLAYER_STATE from chef_hpql8t4uc (role 2) pos: 765,279 -> broadcasting to room KMJVV
[WS] UPDATE_PLAYER_STATE from chef_hpql8t4uc (role 2) pos: 765,272 -> broadcasting to room KMJVV
[WS] UPDATE_PLAYER_STATE from chef_hpql8t4uc (role 2) pos: 765,265 -> broadcasting to room KMJVV
[WS] UPDATE_PLAYER_STATE from chef_hpql8t4uc (role 2) pos: 765,257 -> broadcasting to room KMJVV
[WS] UPDATE_PLAYER_STATE from chef_hpql8t4uc (role 2) pos: 765,250 -> broadcasting to room KMJVV
[WS] UPDATE_PLAYER_STATE from chef_hpql8t4uc (role 2) pos: 765,242 -> broadcasting to room KMJVV
[WS] UPDATE_PLAYER_STATE from chef_hpql8t4uc (role 2) pos: 765,234 -> broadcasting to room KMJVV
[WS] UPDATE_PLAYER_STATE from chef_hpql8t4uc (role 2) pos: 765,225 -> broadcasting to room KMJVV
[WS] UPDATE_PLAYER_STATE from chef_hpql8t4uc (role 2) pos: 765,217 -> broadcasting to room KMJVV
[WS] UPDATE_PLAYER_STATE from chef_hpql8t4uc (role 2) pos: 765,208 -> broadcasting to room KMJVV
[WS] UPDATE_PLAYER_STATE from chef_hpql8t4uc (role 2) pos: 765,208 -> broadcasting to room KMJVV
[WS] UPDATE_PLAYER_STATE from chef_oe8eift10 (role 1) pos: 357,315 -> broadcasting to room KMJVV
[WS] UPDATE_PLAYER_STATE from chef_oe8eift10 (role 1) pos: 357,315 -> broadcasting to room KMJVV
[WS] UPDATE_PLAYER_STATE from chef_oe8eift10 (role 1) pos: 357,315 -> broadcasting to room KMJVV
[WS] UPDATE_PLAYER_STATE from chef_hpql8t4uc (role 2) pos: 765,208 -> broadcasting to room KMJVV
[WS] UPDATE_PLAYER_STATE from chef_oe8eift10 (role 1) pos: 356,315 -> broadcasting to room KMJVV
[WS] UPDATE_PLAYER_STATE from chef_oe8eift10 (role 1) pos: 353,315 -> broadcasting to room KMJVV
[WS] UPDATE_PLAYER_STATE from chef_oe8eift10 (role 1) pos: 349,315 -> broadcasting to room KMJVV
[WS] UPDATE_PLAYER_STATE from chef_oe8eift10 (role 1) pos: 345,315 -> broadcasting to room KMJVV
[WS] UPDATE_PLAYER_STATE from chef_oe8eift10 (role 1) pos: 340,315 -> broadcasting to room KMJVV
[WS] UPDATE_PLAYER_STATE from chef_oe8eift10 (role 1) pos: 334,315 -> broadcasting to room KMJVV
[WS] UPDATE_PLAYER_STATE from chef_oe8eift10 (role 1) pos: 328,315 -> broadcasting to room KMJVV
[WS] UPDATE_PLAYER_STATE from chef_oe8eift10 (role 1) pos: 321,315 -> broadcasting to room KMJVV
[WS] UPDATE_PLAYER_STATE from chef_oe8eift10 (role 1) pos: 314,315 -> broadcasting to room KMJVV
[WS] UPDATE_PLAYER_STATE from chef_oe8eift10 (role 1) pos: 307,315 -> broadcasting to room KMJVV
[WS] UPDATE_PLAYER_STATE from chef_oe8eift10 (role 1) pos: 300,315 -> broadcasting to room KMJVV
[WS] UPDATE_PLAYER_STATE from chef_oe8eift10 (role 1) pos: 292,315 -> broadcasting to room KMJVV
[WS] UPDATE_PLAYER_STATE from chef_oe8eift10 (role 1) pos: 284,315 -> broadcasting to room KMJVV
[WS] UPDATE_PLAYER_STATE from chef_oe8eift10 (role 1) pos: 276,315 -> broadcasting to room KMJVV
[WS] UPDATE_PLAYER_STATE from chef_oe8eift10 (role 1) pos: 267,315 -> broadcasting to room KMJVV
[WS] UPDATE_PLAYER_STATE from chef_oe8eift10 (role 1) pos: 259,315 -> broadcasting to room KMJVV
[WS] UPDATE_PLAYER_STATE from chef_oe8eift10 (role 1) pos: 250,315 -> broadcasting to room KMJVV
[WS] UPDATE_PLAYER_STATE from chef_oe8eift10 (role 1) pos: 242,315 -> broadcasting to room KMJVV
[WS] UPDATE_PLAYER_STATE from chef_oe8eift10 (role 1) pos: 233,315 -> broadcasting to room KMJVV
[WS] UPDATE_PLAYER_STATE from chef_oe8eift10 (role 1) pos: 224,315 -> broadcasting to room KMJVV
[WS] UPDATE_PLAYER_STATE from chef_oe8eift10 (role 1) pos: 215,315 -> broadcasting to room KMJVV
[WS] UPDATE_PLAYER_STATE from chef_oe8eift10 (role 1) pos: 206,315 -> broadcasting to room KMJVV
[WS] UPDATE_PLAYER_STATE from chef_oe8eift10 (role 1) pos: 197,315 -> broadcasting to room KMJVV
[WS] UPDATE_PLAYER_STATE from chef_oe8eift10 (role 1) pos: 188,315 -> broadcasting to room KMJVV
[WS] UPDATE_PLAYER_STATE from chef_oe8eift10 (role 1) pos: 178,315 -> broadcasting to room KMJVV
[WS] UPDATE_PLAYER_STATE from chef_oe8eift10 (role 1) pos: 169,315 -> broadcasting to room KMJVV
[WS] UPDATE_PLAYER_STATE from chef_oe8eift10 (role 1) pos: 160,315 -> broadcasting to room KMJVV
[WS] UPDATE_PLAYER_STATE from chef_oe8eift10 (role 1) pos: 151,315 -> broadcasting to room KMJVV
[WS] UPDATE_PLAYER_STATE from chef_oe8eift10 (role 1) pos: 147,315 -> broadcasting to room KMJVV
[WS] UPDATE_PLAYER_STATE from chef_oe8eift10 (role 1) pos: 144,315 -> broadcasting to room KMJVV
[WS] UPDATE_PLAYER_STATE from chef_oe8eift10 (role 1) pos: 143,315 -> broadcasting to room KMJVV
[WS] UPDATE_PLAYER_STATE from chef_oe8eift10 (role 1) pos: 143,315 -> broadcasting to room KMJVV
[WS] UPDATE_PLAYER_STATE from chef_oe8eift10 (role 1) pos: 143,315 -> broadcasting to room KMJVV
[WS] UPDATE_PLAYER_STATE from chef_oe8eift10 (role 1) pos: 143,315 -> broadcasting to room KMJVV
[WS] UPDATE_PLAYER_STATE from chef_oe8eift10 (role 1) pos: 142,315 -> broadcasting to room KMJVV
[WS] UPDATE_PLAYER_STATE from chef_oe8eift10 (role 1) pos: 142,315 -> broadcasting to room KMJVV
[WS] UPDATE_PLAYER_STATE from chef_hpql8t4uc (role 2) pos: 765,208 -> broadcasting to room KMJVV
[WS] UPDATE_PLAYER_STATE from chef_oe8eift10 (role 1) pos: 142,315 -> broadcasting to room KMJVV
[WS] UPDATE_PLAYER_STATE from chef_hpql8t4uc (role 2) pos: 765,208 -> broadcasting to room KMJVV
[WS] UPDATE_PLAYER_STATE from chef_hpql8t4uc (role 2) pos: 764,208 -> broadcasting to room KMJVV
[WS] UPDATE_PLAYER_STATE from chef_hpql8t4uc (role 2) pos: 761,208 -> broadcasting to room KMJVV
[WS] UPDATE_PLAYER_STATE from chef_hpql8t4uc (role 2) pos: 757,208 -> broadcasting to room KMJVV
[WS] UPDATE_PLAYER_STATE from chef_hpql8t4uc (role 2) pos: 753,208 -> broadcasting to room KMJVV
[WS] UPDATE_PLAYER_STATE from chef_hpql8t4uc (role 2) pos: 747,208 -> broadcasting to room KMJVV
[WS] UPDATE_PLAYER_STATE from chef_hpql8t4uc (role 2) pos: 742,208 -> broadcasting to room KMJVV
[WS] UPDATE_PLAYER_STATE from chef_hpql8t4uc (role 2) pos: 736,208 -> broadcasting to room KMJVV
[WS] UPDATE_PLAYER_STATE from chef_hpql8t4uc (role 2) pos: 729,208 -> broadcasting to room KMJVV
[WS] UPDATE_PLAYER_STATE from chef_hpql8t4uc (role 2) pos: 722,208 -> broadcasting to room KMJVV
[WS] UPDATE_PLAYER_STATE from chef_hpql8t4uc (role 2) pos: 715,208 -> broadcasting to room KMJVV
[WS] UPDATE_PLAYER_STATE from chef_hpql8t4uc (role 2) pos: 707,208 -> broadcasting to room KMJVV
[WS] UPDATE_PLAYER_STATE from chef_hpql8t4uc (role 2) pos: 700,208 -> broadcasting to room KMJVV
[WS] UPDATE_PLAYER_STATE from chef_hpql8t4uc (role 2) pos: 692,208 -> broadcasting to room KMJVV
[WS] UPDATE_PLAYER_STATE from chef_hpql8t4uc (role 2) pos: 684,208 -> broadcasting to room KMJVV
[WS] UPDATE_PLAYER_STATE from chef_hpql8t4uc (role 2) pos: 675,208 -> broadcasting to room KMJVV
[WS] UPDATE_PLAYER_STATE from chef_hpql8t4uc (role 2) pos: 667,208 -> broadcasting to room KMJVV
[WS] UPDATE_PLAYER_STATE from chef_hpql8t4uc (role 2) pos: 658,208 -> broadcasting to room KMJVV
[WS] UPDATE_PLAYER_STATE from chef_hpql8t4uc (role 2) pos: 649,208 -> broadcasting to room KMJVV
[WS] UPDATE_PLAYER_STATE from chef_hpql8t4uc (role 2) pos: 641,208 -> broadcasting to room KMJVV
[WS] UPDATE_PLAYER_STATE from chef_hpql8t4uc (role 2) pos: 632,208 -> broadcasting to room KMJVV
[WS] UPDATE_PLAYER_STATE from chef_hpql8t4uc (role 2) pos: 623,208 -> broadcasting to room KMJVV
[WS] UPDATE_PLAYER_STATE from chef_hpql8t4uc (role 2) pos: 614,208 -> broadcasting to room KMJVV
[WS] UPDATE_PLAYER_STATE from chef_hpql8t4uc (role 2) pos: 605,208 -> broadcasting to room KMJVV
[WS] UPDATE_PLAYER_STATE from chef_hpql8t4uc (role 2) pos: 595,208 -> broadcasting to room KMJVV
[WS] UPDATE_PLAYER_STATE from chef_hpql8t4uc (role 2) pos: 586,208 -> broadcasting to room KMJVV
[WS] UPDATE_PLAYER_STATE from chef_hpql8t4uc (role 2) pos: 577,208 -> broadcasting to room KMJVV
[WS] UPDATE_PLAYER_STATE from chef_hpql8t4uc (role 2) pos: 568,208 -> broadcasting to room KMJVV
[WS] UPDATE_PLAYER_STATE from chef_hpql8t4uc (role 2) pos: 558,208 -> broadcasting to room KMJVV
[WS] UPDATE_PLAYER_STATE from chef_hpql8t4uc (role 2) pos: 549,208 -> broadcasting to room KMJVV
[WS] UPDATE_PLAYER_STATE from chef_hpql8t4uc (role 2) pos: 540,208 -> broadcasting to room KMJVV
[WS] UPDATE_PLAYER_STATE from chef_hpql8t4uc (role 2) pos: 530,208 -> broadcasting to room KMJVV
[WS] UPDATE_PLAYER_STATE from chef_hpql8t4uc (role 2) pos: 521,208 -> broadcasting to room KMJVV
[WS] UPDATE_PLAYER_STATE from chef_hpql8t4uc (role 2) pos: 512,208 -> broadcasting to room KMJVV
[WS] UPDATE_PLAYER_STATE from chef_hpql8t4uc (role 2) pos: 502,208 -> broadcasting to room KMJVV
[WS] UPDATE_PLAYER_STATE from chef_hpql8t4uc (role 2) pos: 498,208 -> broadcasting to room KMJVV
[WS] UPDATE_PLAYER_STATE from chef_hpql8t4uc (role 2) pos: 496,208 -> broadcasting to room KMJVV
[WS] UPDATE_PLAYER_STATE from chef_hpql8t4uc (role 2) pos: 495,208 -> broadcasting to room KMJVV
[WS] UPDATE_PLAYER_STATE from chef_hpql8t4uc (role 2) pos: 494,208 -> broadcasting to room KMJVV
[WS] UPDATE_PLAYER_STATE from chef_hpql8t4uc (role 2) pos: 494,208 -> broadcasting to room KMJVV
[WS] UPDATE_PLAYER_STATE from chef_hpql8t4uc (role 2) pos: 494,208 -> broadcasting to room KMJVV
[WS] UPDATE_PLAYER_STATE from chef_hpql8t4uc (role 2) pos: 494,208 -> broadcasting to room KMJVV
[WS] UPDATE_PLAYER_STATE from chef_hpql8t4uc (role 2) pos: 493,208 -> broadcasting to room KMJVV
[WS] UPDATE_PLAYER_STATE from chef_hpql8t4uc (role 2) pos: 493,208 -> broadcasting to room KMJVV
[WS] UPDATE_PLAYER_STATE from chef_hpql8t4uc (role 2) pos: 493,208 -> broadcasting to room KMJVV
[WS] UPDATE_PLAYER_STATE from chef_hpql8t4uc (role 2) pos: 493,208 -> broadcasting to room KMJVV
[WS] UPDATE_PLAYER_STATE from chef_oe8eift10 (role 1) pos: 142,315 -> broadcasting to room KMJVV
[WS] UPDATE_PLAYER_STATE from chef_hpql8t4uc (role 2) pos: 493,208 -> broadcasting to room KMJVV
[WS] UPDATE_PLAYER_STATE from chef_hpql8t4uc (role 2) pos: 493,208 -> broadcasting to room KMJVV
[WS] UPDATE_PLAYER_STATE from chef_hpql8t4uc (role 2) pos: 493,208 -> broadcasting to room KMJVV
[WS] UPDATE_PLAYER_STATE from chef_hpql8t4uc (role 2) pos: 493,208 -> broadcasting to room KMJVV
[WS] UPDATE_PLAYER_STATE from chef_oe8eift10 (role 1) pos: 142,315 -> broadcasting to room KMJVV
[WS] UPDATE_PLAYER_STATE from chef_hpql8t4uc (role 2) pos: 493,208 -> broadcasting to room KMJVV
[WS] UPDATE_PLAYER_STATE from chef_oe8eift10 (role 1) pos: 142,315 -> broadcasting to room KMJVV
[WS] UPDATE_PLAYER_STATE from chef_hpql8t4uc (role 2) pos: 493,208 -> broadcasting to room KMJVV
[WS] UPDATE_PLAYER_STATE from chef_oe8eift10 (role 1) pos: 144,315 -> broadcasting to room KMJVV
[WS] UPDATE_PLAYER_STATE from chef_oe8eift10 (role 1) pos: 146,315 -> broadcasting to room KMJVV
[WS] UPDATE_PLAYER_STATE from chef_oe8eift10 (role 1) pos: 150,315 -> broadcasting to room KMJVV
[WS] UPDATE_PLAYER_STATE from chef_oe8eift10 (role 1) pos: 155,315 -> broadcasting to room KMJVV
[WS] UPDATE_PLAYER_STATE from chef_oe8eift10 (role 1) pos: 160,315 -> broadcasting to room KMJVV
[WS] UPDATE_PLAYER_STATE from chef_oe8eift10 (role 1) pos: 166,315 -> broadcasting to room KMJVV
[WS] UPDATE_PLAYER_STATE from chef_oe8eift10 (role 1) pos: 172,315 -> broadcasting to room KMJVV
[WS] UPDATE_PLAYER_STATE from chef_oe8eift10 (role 1) pos: 178,315 -> broadcasting to room KMJVV
[WS] UPDATE_PLAYER_STATE from chef_oe8eift10 (role 1) pos: 185,315 -> broadcasting to room KMJVV
[WS] UPDATE_PLAYER_STATE from chef_oe8eift10 (role 1) pos: 193,315 -> broadcasting to room KMJVV
[WS] UPDATE_PLAYER_STATE from chef_oe8eift10 (role 1) pos: 200,315 -> broadcasting to room KMJVV
[WS] UPDATE_PLAYER_STATE from chef_oe8eift10 (role 1) pos: 207,314 -> broadcasting to room KMJVV
[WS] UPDATE_PLAYER_STATE from chef_oe8eift10 (role 1) pos: 215,313 -> broadcasting to room KMJVV
[WS] UPDATE_PLAYER_STATE from chef_oe8eift10 (role 1) pos: 222,311 -> broadcasting to room KMJVV
[WS] UPDATE_PLAYER_STATE from chef_oe8eift10 (role 1) pos: 228,307 -> broadcasting to room KMJVV
[WS] UPDATE_PLAYER_STATE from chef_oe8eift10 (role 1) pos: 234,304 -> broadcasting to room KMJVV
[WS] UPDATE_PLAYER_STATE from chef_oe8eift10 (role 1) pos: 239,299 -> broadcasting to room KMJVV
[WS] UPDATE_PLAYER_STATE from chef_oe8eift10 (role 1) pos: 243,294 -> broadcasting to room KMJVV
[WS] UPDATE_PLAYER_STATE from chef_oe8eift10 (role 1) pos: 247,288 -> broadcasting to room KMJVV
[WS] UPDATE_PLAYER_STATE from chef_oe8eift10 (role 1) pos: 251,282 -> broadcasting to room KMJVV
[WS] UPDATE_PLAYER_STATE from chef_oe8eift10 (role 1) pos: 254,276 -> broadcasting to room KMJVV
[WS] UPDATE_PLAYER_STATE from chef_oe8eift10 (role 1) pos: 256,269 -> broadcasting to room KMJVV
[WS] UPDATE_PLAYER_STATE from chef_oe8eift10 (role 1) pos: 258,262 -> broadcasting to room KMJVV
[WS] UPDATE_PLAYER_STATE from chef_oe8eift10 (role 1) pos: 260,254 -> broadcasting to room KMJVV
[WS] UPDATE_PLAYER_STATE from chef_oe8eift10 (role 1) pos: 262,247 -> broadcasting to room KMJVV
[WS] UPDATE_PLAYER_STATE from chef_oe8eift10 (role 1) pos: 264,239 -> broadcasting to room KMJVV
[WS] UPDATE_PLAYER_STATE from chef_oe8eift10 (role 1) pos: 264,239 -> broadcasting to room KMJVV
[WS] UPDATE_PLAYER_STATE from chef_oe8eift10 (role 1) pos: 265,230 -> broadcasting to room KMJVV
[WS] UPDATE_PLAYER_STATE from chef_oe8eift10 (role 1) pos: 266,222 -> broadcasting to room KMJVV
[WS] UPDATE_PLAYER_STATE from chef_oe8eift10 (role 1) pos: 267,214 -> broadcasting to room KMJVV
[WS] UPDATE_PLAYER_STATE from chef_oe8eift10 (role 1) pos: 268,208 -> broadcasting to room KMJVV
[WS] UPDATE_PLAYER_STATE from chef_hpql8t4uc (role 2) pos: 493,208 -> broadcasting to room KMJVV
[WS] UPDATE_PLAYER_STATE from chef_oe8eift10 (role 1) pos: 269,208 -> broadcasting to room KMJVV
[WS] UPDATE_PLAYER_STATE from chef_oe8eift10 (role 1) pos: 270,208 -> broadcasting to room KMJVV
[WS] UPDATE_PLAYER_STATE from chef_oe8eift10 (role 1) pos: 271,208 -> broadcasting to room KMJVV
[WS] UPDATE_PLAYER_STATE from chef_oe8eift10 (role 1) pos: 272,208 -> broadcasting to room KMJVV
[WS] UPDATE_PLAYER_STATE from chef_oe8eift10 (role 1) pos: 274,208 -> broadcasting to room KMJVV
[WS] UPDATE_PLAYER_STATE from chef_oe8eift10 (role 1) pos: 276,208 -> broadcasting to room KMJVV
[WS] UPDATE_PLAYER_STATE from chef_oe8eift10 (role 1) pos: 279,208 -> broadcasting to room KMJVV
[WS] UPDATE_PLAYER_STATE from chef_oe8eift10 (role 1) pos: 283,208 -> broadcasting to room KMJVV
[WS] UPDATE_PLAYER_STATE from chef_oe8eift10 (role 1) pos: 283,208 -> broadcasting to room KMJVV
[WS] UPDATE_PLAYER_STATE from chef_oe8eift10 (role 1) pos: 283,208 -> broadcasting to room KMJVV
[WS] UPDATE_PLAYER_STATE from chef_oe8eift10 (role 1) pos: 283,208 -> broadcasting to room KMJVV
[WS] UPDATE_PLAYER_STATE from chef_oe8eift10 (role 1) pos: 283,208 -> broadcasting to room KMJVV
[WS] UPDATE_PLAYER_STATE from chef_oe8eift10 (role 1) pos: 283,208 -> broadcasting to room KMJVV
[WS] UPDATE_PLAYER_STATE from chef_hpql8t4uc (role 2) pos: 493,208 -> broadcasting to room KMJVV
[WS] UPDATE_PLAYER_STATE from chef_hpql8t4uc (role 2) pos: 494,208 -> broadcasting to room KMJVV
[WS] UPDATE_PLAYER_STATE from chef_hpql8t4uc (role 2) pos: 496,208 -> broadcasting to room KMJVV
[WS] UPDATE_PLAYER_STATE from chef_hpql8t4uc (role 2) pos: 500,208 -> broadcasting to room KMJVV
[WS] UPDATE_PLAYER_STATE from chef_hpql8t4uc (role 2) pos: 505,208 -> broadcasting to room KMJVV
[WS] UPDATE_PLAYER_STATE from chef_hpql8t4uc (role 2) pos: 510,208 -> broadcasting to room KMJVV
[WS] UPDATE_PLAYER_STATE from chef_hpql8t4uc (role 2) pos: 516,208 -> broadcasting to room KMJVV
[WS] UPDATE_PLAYER_STATE from chef_hpql8t4uc (role 2) pos: 522,208 -> broadcasting to room KMJVV
[WS] UPDATE_PLAYER_STATE from chef_hpql8t4uc (role 2) pos: 529,208 -> broadcasting to room KMJVV
[WS] UPDATE_PLAYER_STATE from chef_hpql8t4uc (role 2) pos: 535,208 -> broadcasting to room KMJVV
[WS] UPDATE_PLAYER_STATE from chef_hpql8t4uc (role 2) pos: 543,208 -> broadcasting to room KMJVV
[WS] UPDATE_PLAYER_STATE from chef_hpql8t4uc (role 2) pos: 550,208 -> broadcasting to room KMJVV
[WS] UPDATE_PLAYER_STATE from chef_hpql8t4uc (role 2) pos: 558,208 -> broadcasting to room KMJVV
[WS] UPDATE_PLAYER_STATE from chef_hpql8t4uc (role 2) pos: 566,208 -> broadcasting to room KMJVV
[WS] UPDATE_PLAYER_STATE from chef_hpql8t4uc (role 2) pos: 574,208 -> broadcasting to room KMJVV
[WS] UPDATE_PLAYER_STATE from chef_hpql8t4uc (role 2) pos: 582,208 -> broadcasting to room KMJVV
[WS] UPDATE_PLAYER_STATE from chef_hpql8t4uc (role 2) pos: 591,208 -> broadcasting to room KMJVV
[WS] UPDATE_PLAYER_STATE from chef_oe8eift10 (role 1) pos: 283,208 -> broadcasting to room KMJVV
[WS] UPDATE_PLAYER_STATE from chef_hpql8t4uc (role 2) pos: 599,208 -> broadcasting to room KMJVV
[WS] UPDATE_PLAYER_STATE from chef_hpql8t4uc (role 2) pos: 608,208 -> broadcasting to room KMJVV
[WS] UPDATE_PLAYER_STATE from chef_hpql8t4uc (role 2) pos: 617,208 -> broadcasting to room KMJVV
[WS] UPDATE_PLAYER_STATE from chef_hpql8t4uc (role 2) pos: 626,208 -> broadcasting to room KMJVV
[WS] UPDATE_PLAYER_STATE from chef_hpql8t4uc (role 2) pos: 635,208 -> broadcasting to room KMJVV
[WS] UPDATE_PLAYER_STATE from chef_hpql8t4uc (role 2) pos: 644,208 -> broadcasting to room KMJVV
[WS] UPDATE_PLAYER_STATE from chef_hpql8t4uc (role 2) pos: 644,208 -> broadcasting to room KMJVV
[WS] UPDATE_PLAYER_STATE from chef_hpql8t4uc (role 2) pos: 648,208 -> broadcasting to room KMJVV
[WS] UPDATE_PLAYER_STATE from chef_hpql8t4uc (role 2) pos: 650,208 -> broadcasting to room KMJVV
[WS] UPDATE_PLAYER_STATE from chef_hpql8t4uc (role 2) pos: 652,208 -> broadcasting to room KMJVV
[WS] UPDATE_PLAYER_STATE from chef_hpql8t4uc (role 2) pos: 654,208 -> broadcasting to room KMJVV
[WS] UPDATE_PLAYER_STATE from chef_hpql8t4uc (role 2) pos: 656,208 -> broadcasting to room KMJVV
[WS] UPDATE_PLAYER_STATE from chef_hpql8t4uc (role 2) pos: 657,208 -> broadcasting to room KMJVV
[WS] UPDATE_PLAYER_STATE from chef_hpql8t4uc (role 2) pos: 658,208 -> broadcasting to room KMJVV
[WS] UPDATE_PLAYER_STATE from chef_hpql8t4uc (role 2) pos: 659,208 -> broadcasting to room KMJVV
[WS] UPDATE_PLAYER_STATE from chef_hpql8t4uc (role 2) pos: 659,208 -> broadcasting to room KMJVV
[WS] UPDATE_PLAYER_STATE from chef_hpql8t4uc (role 2) pos: 660,208 -> broadcasting to room KMJVV
[WS] UPDATE_PLAYER_STATE from chef_hpql8t4uc (role 2) pos: 660,208 -> broadcasting to room KMJVV
[WS] UPDATE_PLAYER_STATE from chef_hpql8t4uc (role 2) pos: 660,208 -> broadcasting to room KMJVV
[WS] UPDATE_PLAYER_STATE from chef_hpql8t4uc (role 2) pos: 660,208 -> broadcasting to room KMJVV
[WS] UPDATE_PLAYER_STATE from chef_oe8eift10 (role 1) pos: 283,208 -> broadcasting to room KMJVV
[WS] UPDATE_PLAYER_STATE from chef_hpql8t4uc (role 2) pos: 660,208 -> broadcasting to room KMJVV
[WS] UPDATE_PLAYER_STATE from chef_oe8eift10 (role 1) pos: 283,209 -> broadcasting to room KMJVV
[WS] UPDATE_PLAYER_STATE from chef_oe8eift10 (role 1) pos: 283,212 -> broadcasting to room KMJVV
[WS] UPDATE_PLAYER_STATE from chef_oe8eift10 (role 1) pos: 283,216 -> broadcasting to room KMJVV
[WS] UPDATE_PLAYER_STATE from chef_oe8eift10 (role 1) pos: 283,220 -> broadcasting to room KMJVV
[WS] UPDATE_PLAYER_STATE from chef_oe8eift10 (role 1) pos: 283,226 -> broadcasting to room KMJVV
[WS] UPDATE_PLAYER_STATE from chef_oe8eift10 (role 1) pos: 283,231 -> broadcasting to room KMJVV
[WS] UPDATE_PLAYER_STATE from chef_oe8eift10 (role 1) pos: 283,237 -> broadcasting to room KMJVV
[WS] UPDATE_PLAYER_STATE from chef_oe8eift10 (role 1) pos: 283,244 -> broadcasting to room KMJVV
[WS] UPDATE_PLAYER_STATE from chef_oe8eift10 (role 1) pos: 283,251 -> broadcasting to room KMJVV
[WS] UPDATE_PLAYER_STATE from chef_oe8eift10 (role 1) pos: 283,254 -> broadcasting to room KMJVV
[WS] UPDATE_PLAYER_STATE from chef_oe8eift10 (role 1) pos: 283,256 -> broadcasting to room KMJVV
[WS] UPDATE_PLAYER_STATE from chef_oe8eift10 (role 1) pos: 283,257 -> broadcasting to room KMJVV
[WS] UPDATE_PLAYER_STATE from chef_oe8eift10 (role 1) pos: 283,257 -> broadcasting to room KMJVV
[WS] UPDATE_PLAYER_STATE from chef_oe8eift10 (role 1) pos: 285,258 -> broadcasting to room KMJVV
[WS] UPDATE_PLAYER_STATE from chef_oe8eift10 (role 1) pos: 287,258 -> broadcasting to room KMJVV
[WS] UPDATE_PLAYER_STATE from chef_oe8eift10 (role 1) pos: 291,259 -> broadcasting to room KMJVV
[WS] UPDATE_PLAYER_STATE from chef_oe8eift10 (role 1) pos: 296,259 -> broadcasting to room KMJVV
[WS] UPDATE_PLAYER_STATE from chef_oe8eift10 (role 1) pos: 296,259 -> broadcasting to room KMJVV
[WS] UPDATE_PLAYER_STATE from chef_oe8eift10 (role 1) pos: 301,259 -> broadcasting to room KMJVV
[WS] UPDATE_PLAYER_STATE from chef_oe8eift10 (role 1) pos: 307,260 -> broadcasting to room KMJVV
[WS] UPDATE_PLAYER_STATE from chef_oe8eift10 (role 1) pos: 313,260 -> broadcasting to room KMJVV
[WS] UPDATE_PLAYER_STATE from chef_oe8eift10 (role 1) pos: 319,260 -> broadcasting to room KMJVV
[WS] UPDATE_PLAYER_STATE from chef_oe8eift10 (role 1) pos: 326,260 -> broadcasting to room KMJVV
[WS] UPDATE_PLAYER_STATE from chef_hpql8t4uc (role 2) pos: 660,208 -> broadcasting to room KMJVV
[WS] UPDATE_PLAYER_STATE from chef_oe8eift10 (role 1) pos: 333,261 -> broadcasting to room KMJVV
[WS] UPDATE_PLAYER_STATE from chef_oe8eift10 (role 1) pos: 341,261 -> broadcasting to room KMJVV
[WS] UPDATE_PLAYER_STATE from chef_oe8eift10 (role 1) pos: 349,261 -> broadcasting to room KMJVV
[WS] UPDATE_PLAYER_STATE from chef_oe8eift10 (role 1) pos: 356,260 -> broadcasting to room KMJVV
[WS] UPDATE_PLAYER_STATE from chef_oe8eift10 (role 1) pos: 364,259 -> broadcasting to room KMJVV
[WS] UPDATE_PLAYER_STATE from chef_oe8eift10 (role 1) pos: 371,257 -> broadcasting to room KMJVV
[WS] UPDATE_PLAYER_STATE from chef_oe8eift10 (role 1) pos: 379,254 -> broadcasting to room KMJVV
[WS] UPDATE_PLAYER_STATE from chef_oe8eift10 (role 1) pos: 386,251 -> broadcasting to room KMJVV
[WS] UPDATE_PLAYER_STATE from chef_oe8eift10 (role 1) pos: 393,247 -> broadcasting to room KMJVV
[WS] UPDATE_PLAYER_STATE from chef_oe8eift10 (role 1) pos: 400,243 -> broadcasting to room KMJVV
[WS] UPDATE_PLAYER_STATE from chef_oe8eift10 (role 1) pos: 407,239 -> broadcasting to room KMJVV
[WS] UPDATE_PLAYER_STATE from chef_oe8eift10 (role 1) pos: 414,235 -> broadcasting to room KMJVV
[WS] UPDATE_PLAYER_STATE from chef_oe8eift10 (role 1) pos: 422,231 -> broadcasting to room KMJVV
[WS] UPDATE_PLAYER_STATE from chef_oe8eift10 (role 1) pos: 429,227 -> broadcasting to room KMJVV
[WS] UPDATE_PLAYER_STATE from chef_oe8eift10 (role 1) pos: 437,224 -> broadcasting to room KMJVV
[WS] UPDATE_PLAYER_STATE from chef_oe8eift10 (role 1) pos: 445,221 -> broadcasting to room KMJVV
[WS] UPDATE_PLAYER_STATE from chef_oe8eift10 (role 1) pos: 454,219 -> broadcasting to room KMJVV
[WS] UPDATE_PLAYER_STATE from chef_oe8eift10 (role 1) pos: 462,217 -> broadcasting to room KMJVV
[WS] UPDATE_PLAYER_STATE from chef_oe8eift10 (role 1) pos: 470,215 -> broadcasting to room KMJVV
[WS] UPDATE_PLAYER_STATE from chef_oe8eift10 (role 1) pos: 479,213 -> broadcasting to room KMJVV
[WS] UPDATE_PLAYER_STATE from chef_oe8eift10 (role 1) pos: 488,212 -> broadcasting to room KMJVV
[WS] UPDATE_PLAYER_STATE from chef_oe8eift10 (role 1) pos: 497,210 -> broadcasting to room KMJVV
[WS] UPDATE_PLAYER_STATE from chef_oe8eift10 (role 1) pos: 506,209 -> broadcasting to room KMJVV
[WS] UPDATE_PLAYER_STATE from chef_oe8eift10 (role 1) pos: 515,208 -> broadcasting to room KMJVV
[WS] UPDATE_PLAYER_STATE from chef_oe8eift10 (role 1) pos: 524,208 -> broadcasting to room KMJVV
[WS] UPDATE_PLAYER_STATE from chef_oe8eift10 (role 1) pos: 533,208 -> broadcasting to room KMJVV
[WS] UPDATE_PLAYER_STATE from chef_oe8eift10 (role 1) pos: 542,208 -> broadcasting to room KMJVV
[WS] UPDATE_PLAYER_STATE from chef_oe8eift10 (role 1) pos: 550,208 -> broadcasting to room KMJVV
[WS] UPDATE_PLAYER_STATE from chef_oe8eift10 (role 1) pos: 557,208 -> broadcasting to room KMJVV
[WS] UPDATE_PLAYER_STATE from chef_oe8eift10 (role 1) pos: 563,208 -> broadcasting to room KMJVV
[WS] UPDATE_PLAYER_STATE from chef_oe8eift10 (role 1) pos: 568,208 -> broadcasting to room KMJVV
[WS] UPDATE_PLAYER_STATE from chef_oe8eift10 (role 1) pos: 573,208 -> broadcasting to room KMJVV
[WS] UPDATE_PLAYER_STATE from chef_oe8eift10 (role 1) pos: 577,208 -> broadcasting to room KMJVV
[WS] UPDATE_PLAYER_STATE from chef_oe8eift10 (role 1) pos: 580,208 -> broadcasting to room KMJVV
[WS] UPDATE_PLAYER_STATE from chef_oe8eift10 (role 1) pos: 583,208 -> broadcasting to room KMJVV
[WS] UPDATE_PLAYER_STATE from chef_oe8eift10 (role 1) pos: 586,208 -> broadcasting to room KMJVV
[WS] UPDATE_PLAYER_STATE from chef_oe8eift10 (role 1) pos: 589,208 -> broadcasting to room KMJVV
[WS] UPDATE_PLAYER_STATE from chef_oe8eift10 (role 1) pos: 590,208 -> broadcasting to room KMJVV
[WS] UPDATE_PLAYER_STATE from chef_oe8eift10 (role 1) pos: 591,208 -> broadcasting to room KMJVV
[WS] UPDATE_PLAYER_STATE from chef_oe8eift10 (role 1) pos: 591,208 -> broadcasting to room KMJVV
[WS] UPDATE_PLAYER_STATE from chef_oe8eift10 (role 1) pos: 591,208 -> broadcasting to room KMJVV
[WS] UPDATE_PLAYER_STATE from chef_oe8eift10 (role 1) pos: 591,208 -> broadcasting to room KMJVV
[WS] UPDATE_PLAYER_STATE from chef_oe8eift10 (role 1) pos: 591,208 -> broadcasting to room KMJVV
[WS] UPDATE_PLAYER_STATE from chef_oe8eift10 (role 1) pos: 591,208 -> broadcasting to room KMJVV
[WS] UPDATE_PLAYER_STATE from chef_oe8eift10 (role 1) pos: 591,208 -> broadcasting to room KMJVV
[WS] UPDATE_PLAYER_STATE from chef_hpql8t4uc (role 2) pos: 660,208 -> broadcasting to room KMJVV
[WS] UPDATE_PLAYER_STATE from chef_oe8eift10 (role 1) pos: 591,208 -> broadcasting to room KMJVV
[WS] UPDATE_PLAYER_STATE from chef_hpql8t4uc (role 2) pos: 660,208 -> broadcasting to room KMJVV
[WS] UPDATE_PLAYER_STATE from chef_hpql8t4uc (role 2) pos: 658,208 -> broadcasting to room KMJVV
[WS] UPDATE_PLAYER_STATE from chef_hpql8t4uc (role 2) pos: 656,208 -> broadcasting to room KMJVV
[WS] UPDATE_PLAYER_STATE from chef_hpql8t4uc (role 2) pos: 652,208 -> broadcasting to room KMJVV
[WS] UPDATE_PLAYER_STATE from chef_hpql8t4uc (role 2) pos: 647,208 -> broadcasting to room KMJVV
[WS] UPDATE_PLAYER_STATE from chef_hpql8t4uc (role 2) pos: 642,208 -> broadcasting to room KMJVV
[WS] UPDATE_PLAYER_STATE from chef_hpql8t4uc (role 2) pos: 638,208 -> broadcasting to room KMJVV
[WS] UPDATE_PLAYER_STATE from chef_hpql8t4uc (role 2) pos: 635,208 -> broadcasting to room KMJVV
[WS] UPDATE_PLAYER_STATE from chef_hpql8t4uc (role 2) pos: 634,208 -> broadcasting to room KMJVV
[WS] UPDATE_PLAYER_STATE from chef_hpql8t4uc (role 2) pos: 633,208 -> broadcasting to room KMJVV
[WS] UPDATE_PLAYER_STATE from chef_hpql8t4uc (role 2) pos: 633,208 -> broadcasting to room KMJVV
[WS] UPDATE_PLAYER_STATE from chef_hpql8t4uc (role 2) pos: 632,208 -> broadcasting to room KMJVV
[WS] UPDATE_PLAYER_STATE from chef_hpql8t4uc (role 2) pos: 632,208 -> broadcasting to room KMJVV
[WS] UPDATE_PLAYER_STATE from chef_hpql8t4uc (role 2) pos: 632,208 -> broadcasting to room KMJVV
[WS] UPDATE_PLAYER_STATE from chef_hpql8t4uc (role 2) pos: 631,208 -> broadcasting to room KMJVV
[WS] UPDATE_PLAYER_STATE from chef_hpql8t4uc (role 2) pos: 631,208 -> broadcasting to room KMJVV
[WS] UPDATE_PLAYER_STATE from chef_oe8eift10 (role 1) pos: 591,208 -> broadcasting to room KMJVV
[WS] UPDATE_PLAYER_STATE from chef_hpql8t4uc (role 2) pos: 631,208 -> broadcasting to room KMJVV
[WS] UPDATE_PLAYER_STATE from chef_hpql8t4uc (role 2) pos: 631,208 -> broadcasting to room KMJVV
[WS] UPDATE_PLAYER_STATE from chef_hpql8t4uc (role 2) pos: 631,208 -> broadcasting to room KMJVV
[WS] UPDATE_PLAYER_STATE from chef_hpql8t4uc (role 2) pos: 631,208 -> broadcasting to room KMJVV
[WS] UPDATE_PLAYER_STATE from chef_hpql8t4uc (role 2) pos: 630,208 -> broadcasting to room KMJVV
[WS] UPDATE_PLAYER_STATE from chef_hpql8t4uc (role 2) pos: 630,208 -> broadcasting to room KMJVV
[WS] UPDATE_PLAYER_STATE from chef_hpql8t4uc (role 2) pos: 630,208 -> broadcasting to room KMJVV
[WS] UPDATE_PLAYER_STATE from chef_hpql8t4uc (role 2) pos: 630,208 -> broadcasting to room KMJVV
[WS] UPDATE_PLAYER_STATE from chef_hpql8t4uc (role 2) pos: 630,208 -> broadcasting to room KMJVV
[WS] UPDATE_PLAYER_STATE from chef_hpql8t4uc (role 2) pos: 630,208 -> broadcasting to room KMJVV
[WS] UPDATE_PLAYER_STATE from chef_hpql8t4uc (role 2) pos: 633,208 -> broadcasting to room KMJVV
[WS] UPDATE_PLAYER_STATE from chef_hpql8t4uc (role 2) pos: 635,208 -> broadcasting to room KMJVV
[WS] UPDATE_PLAYER_STATE from chef_hpql8t4uc (role 2) pos: 637,208 -> broadcasting to room KMJVV
[WS] UPDATE_PLAYER_STATE from chef_hpql8t4uc (role 2) pos: 638,208 -> broadcasting to room KMJVV
[WS] UPDATE_PLAYER_STATE from chef_hpql8t4uc (role 2) pos: 638,208 -> broadcasting to room KMJVV
[WS] UPDATE_PLAYER_STATE from chef_hpql8t4uc (role 2) pos: 639,208 -> broadcasting to room KMJVV
[WS] UPDATE_PLAYER_STATE from chef_hpql8t4uc (role 2) pos: 639,208 -> broadcasting to room KMJVV
[WS] UPDATE_PLAYER_STATE from chef_hpql8t4uc (role 2) pos: 639,208 -> broadcasting to room KMJVV
[WS] UPDATE_PLAYER_STATE from chef_hpql8t4uc (role 2) pos: 639,208 -> broadcasting to room KMJVV
[WS] UPDATE_PLAYER_STATE from chef_hpql8t4uc (role 2) pos: 639,208 -> broadcasting to room KMJVV
[WS] UPDATE_PLAYER_STATE from chef_hpql8t4uc (role 2) pos: 639,209 -> broadcasting to room KMJVV
[WS] UPDATE_PLAYER_STATE from chef_hpql8t4uc (role 2) pos: 639,212 -> broadcasting to room KMJVV
[WS] UPDATE_PLAYER_STATE from chef_hpql8t4uc (role 2) pos: 639,216 -> broadcasting to room KMJVV
[WS] UPDATE_PLAYER_STATE from chef_hpql8t4uc (role 2) pos: 639,220 -> broadcasting to room KMJVV
[WS] UPDATE_PLAYER_STATE from chef_hpql8t4uc (role 2) pos: 639,226 -> broadcasting to room KMJVV
[WS] UPDATE_PLAYER_STATE from chef_hpql8t4uc (role 2) pos: 639,231 -> broadcasting to room KMJVV
[WS] UPDATE_PLAYER_STATE from chef_hpql8t4uc (role 2) pos: 639,237 -> broadcasting to room KMJVV
[WS] UPDATE_PLAYER_STATE from chef_hpql8t4uc (role 2) pos: 639,244 -> broadcasting to room KMJVV
[WS] UPDATE_PLAYER_STATE from chef_hpql8t4uc (role 2) pos: 642,245 -> broadcasting to room KMJVV
[WS] UPDATE_PLAYER_STATE from chef_hpql8t4uc (role 2) pos: 646,247 -> broadcasting to room KMJVV
[WS] UPDATE_PLAYER_STATE from chef_hpql8t4uc (role 2) pos: 650,250 -> broadcasting to room KMJVV
[WS] UPDATE_PLAYER_STATE from chef_hpql8t4uc (role 2) pos: 654,255 -> broadcasting to room KMJVV
[WS] UPDATE_PLAYER_STATE from chef_oe8eift10 (role 1) pos: 591,208 -> broadcasting to room KMJVV
[WS] UPDATE_PLAYER_STATE from chef_hpql8t4uc (role 2) pos: 655,258 -> broadcasting to room KMJVV
[WS] UPDATE_PLAYER_STATE from chef_hpql8t4uc (role 2) pos: 656,260 -> broadcasting to room KMJVV
[WS] UPDATE_PLAYER_STATE from chef_hpql8t4uc (role 2) pos: 657,261 -> broadcasting to room KMJVV
[WS] UPDATE_PLAYER_STATE from chef_hpql8t4uc (role 2) pos: 657,261 -> broadcasting to room KMJVV
[WS] UPDATE_PLAYER_STATE from chef_hpql8t4uc (role 2) pos: 657,262 -> broadcasting to room KMJVV
[WS] UPDATE_PLAYER_STATE from chef_hpql8t4uc (role 2) pos: 657,262 -> broadcasting to room KMJVV
[WS] UPDATE_PLAYER_STATE from chef_hpql8t4uc (role 2) pos: 657,262 -> broadcasting to room KMJVV
[WS] UPDATE_PLAYER_STATE from chef_hpql8t4uc (role 2) pos: 657,262 -> broadcasting to room KMJVV
[WS] UPDATE_PLAYER_STATE from chef_oe8eift10 (role 1) pos: 592,208 -> broadcasting to room KMJVV
[WS] UPDATE_PLAYER_STATE from chef_oe8eift10 (role 1) pos: 595,208 -> broadcasting to room KMJVV
[WS] UPDATE_PLAYER_STATE from chef_oe8eift10 (role 1) pos: 599,208 -> broadcasting to room KMJVV
[WS] UPDATE_PLAYER_STATE from chef_oe8eift10 (role 1) pos: 604,208 -> broadcasting to room KMJVV
[WS] UPDATE_PLAYER_STATE from chef_oe8eift10 (role 1) pos: 609,208 -> broadcasting to room KMJVV
[WS] UPDATE_PLAYER_STATE from chef_oe8eift10 (role 1) pos: 614,208 -> broadcasting to room KMJVV
[WS] UPDATE_PLAYER_STATE from chef_oe8eift10 (role 1) pos: 621,208 -> broadcasting to room KMJVV
[WS] UPDATE_PLAYER_STATE from chef_oe8eift10 (role 1) pos: 627,208 -> broadcasting to room KMJVV
[WS] UPDATE_PLAYER_STATE from chef_oe8eift10 (role 1) pos: 634,208 -> broadcasting to room KMJVV
[WS] UPDATE_PLAYER_STATE from chef_oe8eift10 (role 1) pos: 641,208 -> broadcasting to room KMJVV
[WS] UPDATE_PLAYER_STATE from chef_oe8eift10 (role 1) pos: 649,208 -> broadcasting to room KMJVV
[WS] UPDATE_PLAYER_STATE from chef_oe8eift10 (role 1) pos: 657,208 -> broadcasting to room KMJVV
[WS] UPDATE_PLAYER_STATE from chef_oe8eift10 (role 1) pos: 665,208 -> broadcasting to room KMJVV
[WS] UPDATE_PLAYER_STATE from chef_oe8eift10 (role 1) pos: 669,208 -> broadcasting to room KMJVV
[WS] UPDATE_PLAYER_STATE from chef_oe8eift10 (role 1) pos: 670,208 -> broadcasting to room KMJVV
[WS] UPDATE_PLAYER_STATE from chef_oe8eift10 (role 1) pos: 671,208 -> broadcasting to room KMJVV
[WS] UPDATE_PLAYER_STATE from chef_oe8eift10 (role 1) pos: 672,208 -> broadcasting to room KMJVV
[WS] UPDATE_PLAYER_STATE from chef_oe8eift10 (role 1) pos: 673,208 -> broadcasting to room KMJVV
[WS] UPDATE_PLAYER_STATE from chef_oe8eift10 (role 1) pos: 674,208 -> broadcasting to room KMJVV
[WS] UPDATE_PLAYER_STATE from chef_oe8eift10 (role 1) pos: 675,208 -> broadcasting to room KMJVV
[WS] UPDATE_PLAYER_STATE from chef_oe8eift10 (role 1) pos: 676,208 -> broadcasting to room KMJVV
[WS] UPDATE_PLAYER_STATE from chef_oe8eift10 (role 1) pos: 677,208 -> broadcasting to room KMJVV
[WS] UPDATE_PLAYER_STATE from chef_oe8eift10 (role 1) pos: 677,208 -> broadcasting to room KMJVV
[WS] UPDATE_PLAYER_STATE from chef_oe8eift10 (role 1) pos: 677,208 -> broadcasting to room KMJVV
[WS] UPDATE_PLAYER_STATE from chef_oe8eift10 (role 1) pos: 677,208 -> broadcasting to room KMJVV
[WS] UPDATE_PLAYER_STATE from chef_oe8eift10 (role 1) pos: 677,208 -> broadcasting to room KMJVV
[WS] UPDATE_PLAYER_STATE from chef_oe8eift10 (role 1) pos: 677,208 -> broadcasting to room KMJVV
[WS] UPDATE_PLAYER_STATE from chef_oe8eift10 (role 1) pos: 677,208 -> broadcasting to room KMJVV
[WS] UPDATE_PLAYER_STATE from chef_hpql8t4uc (role 2) pos: 657,262 -> broadcasting to room KMJVV
[WS] UPDATE_PLAYER_STATE from chef_oe8eift10 (role 1) pos: 677,208 -> broadcasting to room KMJVV
[WS] UPDATE_PLAYER_STATE from chef_oe8eift10 (role 1) pos: 679,208 -> broadcasting to room KMJVV
[WS] UPDATE_PLAYER_STATE from chef_oe8eift10 (role 1) pos: 681,208 -> broadcasting to room KMJVV
[WS] UPDATE_PLAYER_STATE from chef_oe8eift10 (role 1) pos: 685,208 -> broadcasting to room KMJVV
[WS] UPDATE_PLAYER_STATE from chef_oe8eift10 (role 1) pos: 690,208 -> broadcasting to room KMJVV
[WS] UPDATE_PLAYER_STATE from chef_oe8eift10 (role 1) pos: 695,208 -> broadcasting to room KMJVV
[WS] UPDATE_PLAYER_STATE from chef_hpql8t4uc (role 2) pos: 657,262 -> broadcasting to room KMJVV
[WS] UPDATE_PLAYER_STATE from chef_oe8eift10 (role 1) pos: 701,208 -> broadcasting to room KMJVV
[WS] UPDATE_PLAYER_STATE from chef_oe8eift10 (role 1) pos: 707,208 -> broadcasting to room KMJVV
[WS] UPDATE_PLAYER_STATE from chef_oe8eift10 (role 1) pos: 713,208 -> broadcasting to room KMJVV
[WS] UPDATE_PLAYER_STATE from chef_oe8eift10 (role 1) pos: 720,208 -> broadcasting to room KMJVV
[WS] UPDATE_PLAYER_STATE from chef_oe8eift10 (role 1) pos: 728,208 -> broadcasting to room KMJVV
[WS] UPDATE_PLAYER_STATE from chef_oe8eift10 (role 1) pos: 735,208 -> broadcasting to room KMJVV
[WS] UPDATE_PLAYER_STATE from chef_oe8eift10 (role 1) pos: 743,208 -> broadcasting to room KMJVV
[WS] UPDATE_PLAYER_STATE from chef_oe8eift10 (role 1) pos: 751,208 -> broadcasting to room KMJVV
[WS] UPDATE_PLAYER_STATE from chef_oe8eift10 (role 1) pos: 755,208 -> broadcasting to room KMJVV
[WS] UPDATE_PLAYER_STATE from chef_oe8eift10 (role 1) pos: 757,208 -> broadcasting to room KMJVV
[WS] UPDATE_PLAYER_STATE from chef_oe8eift10 (role 1) pos: 758,208 -> broadcasting to room KMJVV
[WS] UPDATE_PLAYER_STATE from chef_oe8eift10 (role 1) pos: 758,208 -> broadcasting to room KMJVV
[WS] UPDATE_PLAYER_STATE from chef_oe8eift10 (role 1) pos: 759,208 -> broadcasting to room KMJVV
[WS] UPDATE_PLAYER_STATE from chef_oe8eift10 (role 1) pos: 759,208 -> broadcasting to room KMJVV
[WS] UPDATE_PLAYER_STATE from chef_oe8eift10 (role 1) pos: 759,208 -> broadcasting to room KMJVV
[WS] UPDATE_PLAYER_STATE from chef_oe8eift10 (role 1) pos: 759,208 -> broadcasting to room KMJVV
[WS] UPDATE_PLAYER_STATE from chef_oe8eift10 (role 1) pos: 759,208 -> broadcasting to room KMJVV
[WS] UPDATE_PLAYER_STATE from chef_oe8eift10 (role 1) pos: 759,208 -> broadcasting to room KMJVV
[WS] UPDATE_PLAYER_STATE from chef_oe8eift10 (role 1) pos: 760,208 -> broadcasting to room KMJVV
[WS] UPDATE_PLAYER_STATE from chef_oe8eift10 (role 1) pos: 763,208 -> broadcasting to room KMJVV
[WS] UPDATE_PLAYER_STATE from chef_oe8eift10 (role 1) pos: 767,208 -> broadcasting to room KMJVV
[WS] UPDATE_PLAYER_STATE from chef_oe8eift10 (role 1) pos: 771,208 -> broadcasting to room KMJVV
[WS] UPDATE_PLAYER_STATE from chef_oe8eift10 (role 1) pos: 777,208 -> broadcasting to room KMJVV
[WS] UPDATE_PLAYER_STATE from chef_oe8eift10 (role 1) pos: 782,208 -> broadcasting to room KMJVV
[WS] UPDATE_PLAYER_STATE from chef_oe8eift10 (role 1) pos: 785,208 -> broadcasting to room KMJVV
[WS] UPDATE_PLAYER_STATE from chef_oe8eift10 (role 1) pos: 785,208 -> broadcasting to room KMJVV
[WS] UPDATE_PLAYER_STATE from chef_oe8eift10 (role 1) pos: 787,208 -> broadcasting to room KMJVV
[WS] UPDATE_PLAYER_STATE from chef_oe8eift10 (role 1) pos: 787,208 -> broadcasting to room KMJVV
[WS] UPDATE_PLAYER_STATE from chef_oe8eift10 (role 1) pos: 788,208 -> broadcasting to room KMJVV
[WS] UPDATE_PLAYER_STATE from chef_oe8eift10 (role 1) pos: 788,208 -> broadcasting to room KMJVV
[WS] UPDATE_PLAYER_STATE from chef_oe8eift10 (role 1) pos: 788,208 -> broadcasting to room KMJVV
[WS] UPDATE_PLAYER_STATE from chef_oe8eift10 (role 1) pos: 788,208 -> broadcasting to room KMJVV
[WS] UPDATE_PLAYER_STATE from chef_hpql8t4uc (role 2) pos: 657,262 -> broadcasting to room KMJVV
[WS] UPDATE_PLAYER_STATE from chef_oe8eift10 (role 1) pos: 788,208 -> broadcasting to room KMJVV
[WS] UPDATE_PLAYER_STATE from chef_hpql8t4uc (role 2) pos: 657,262 -> broadcasting to room KMJVV
[WS] UPDATE_PLAYER_STATE from chef_oe8eift10 (role 1) pos: 788,208 -> broadcasting to room KMJVV
[WS] UPDATE_PLAYER_STATE from chef_oe8eift10 (role 1) pos: 788,209 -> broadcasting to room KMJVV
[WS] UPDATE_PLAYER_STATE from chef_oe8eift10 (role 1) pos: 788,212 -> broadcasting to room KMJVV
[WS] UPDATE_PLAYER_STATE from chef_oe8eift10 (role 1) pos: 788,216 -> broadcasting to room KMJVV
[WS] UPDATE_PLAYER_STATE from chef_oe8eift10 (role 1) pos: 788,220 -> broadcasting to room KMJVV
[WS] UPDATE_PLAYER_STATE from chef_oe8eift10 (role 1) pos: 788,226 -> broadcasting to room KMJVV
[WS] UPDATE_PLAYER_STATE from chef_oe8eift10 (role 1) pos: 788,231 -> broadcasting to room KMJVV
[WS] UPDATE_PLAYER_STATE from chef_oe8eift10 (role 1) pos: 788,237 -> broadcasting to room KMJVV
[WS] UPDATE_PLAYER_STATE from chef_oe8eift10 (role 1) pos: 788,240 -> broadcasting to room KMJVV
[WS] UPDATE_PLAYER_STATE from chef_oe8eift10 (role 1) pos: 788,242 -> broadcasting to room KMJVV
[WS] UPDATE_PLAYER_STATE from chef_oe8eift10 (role 1) pos: 788,243 -> broadcasting to room KMJVV
[WS] UPDATE_PLAYER_STATE from chef_oe8eift10 (role 1) pos: 788,243 -> broadcasting to room KMJVV
[WS] UPDATE_PLAYER_STATE from chef_oe8eift10 (role 1) pos: 788,243 -> broadcasting to room KMJVV
[WS] UPDATE_PLAYER_STATE from chef_oe8eift10 (role 1) pos: 788,243 -> broadcasting to room KMJVV
[WS] UPDATE_PLAYER_STATE from chef_oe8eift10 (role 1) pos: 788,243 -> broadcasting to room KMJVV
[WS] UPDATE_PLAYER_STATE from chef_hpql8t4uc (role 2) pos: 657,262 -> broadcasting to room KMJVV
[WS] UPDATE_PLAYER_STATE from chef_oe8eift10 (role 1) pos: 788,244 -> broadcasting to room KMJVV
[WS] UPDATE_PLAYER_STATE from chef_oe8eift10 (role 1) pos: 788,242 -> broadcasting to room KMJVV
[WS] UPDATE_PLAYER_STATE from chef_oe8eift10 (role 1) pos: 788,240 -> broadcasting to room KMJVV
[WS] UPDATE_PLAYER_STATE from chef_oe8eift10 (role 1) pos: 788,236 -> broadcasting to room KMJVV
[WS] UPDATE_PLAYER_STATE from chef_oe8eift10 (role 1) pos: 788,231 -> broadcasting to room KMJVV
[WS] UPDATE_PLAYER_STATE from chef_oe8eift10 (role 1) pos: 788,226 -> broadcasting to room KMJVV
[WS] UPDATE_PLAYER_STATE from chef_oe8eift10 (role 1) pos: 788,220 -> broadcasting to room KMJVV
[WS] UPDATE_PLAYER_STATE from chef_oe8eift10 (role 1) pos: 788,214 -> broadcasting to room KMJVV
[WS] UPDATE_PLAYER_STATE from chef_oe8eift10 (role 1) pos: 788,211 -> broadcasting to room KMJVV
[WS] UPDATE_PLAYER_STATE from chef_oe8eift10 (role 1) pos: 788,210 -> broadcasting to room KMJVV
[WS] UPDATE_PLAYER_STATE from chef_oe8eift10 (role 1) pos: 788,209 -> broadcasting to room KMJVV
[WS] UPDATE_PLAYER_STATE from chef_oe8eift10 (role 1) pos: 788,208 -> broadcasting to room KMJVV
[WS] UPDATE_PLAYER_STATE from chef_oe8eift10 (role 1) pos: 788,208 -> broadcasting to room KMJVV
[WS] UPDATE_PLAYER_STATE from chef_oe8eift10 (role 1) pos: 788,208 -> broadcasting to room KMJVV
[WS] UPDATE_PLAYER_STATE from chef_oe8eift10 (role 1) pos: 788,208 -> broadcasting to room KMJVV
[WS] UPDATE_PLAYER_STATE from chef_oe8eift10 (role 1) pos: 788,208 -> broadcasting to room KMJVV
[WS] UPDATE_PLAYER_STATE from chef_hpql8t4uc (role 2) pos: 657,262 -> broadcasting to room KMJVV
[WS] UPDATE_PLAYER_STATE from chef_oe8eift10 (role 1) pos: 788,208 -> broadcasting to room KMJVV
[WS] UPDATE_PLAYER_STATE from chef_hpql8t4uc (role 2) pos: 657,262 -> broadcasting to room KMJVV
[WS] UPDATE_PLAYER_STATE from chef_hpql8t4uc (role 2) pos: 657,261 -> broadcasting to room KMJVV
[WS] UPDATE_PLAYER_STATE from chef_hpql8t4uc (role 2) pos: 657,258 -> broadcasting to room KMJVV
[WS] UPDATE_PLAYER_STATE from chef_hpql8t4uc (role 2) pos: 657,254 -> broadcasting to room KMJVV
[WS] UPDATE_PLAYER_STATE from chef_hpql8t4uc (role 2) pos: 657,249 -> broadcasting to room KMJVV
[WS] UPDATE_PLAYER_STATE from chef_hpql8t4uc (role 2) pos: 657,244 -> broadcasting to room KMJVV
[WS] UPDATE_PLAYER_STATE from chef_hpql8t4uc (role 2) pos: 657,239 -> broadcasting to room KMJVV
[WS] UPDATE_PLAYER_STATE from chef_hpql8t4uc (role 2) pos: 657,232 -> broadcasting to room KMJVV
[WS] UPDATE_PLAYER_STATE from chef_hpql8t4uc (role 2) pos: 657,226 -> broadcasting to room KMJVV
[WS] UPDATE_PLAYER_STATE from chef_hpql8t4uc (role 2) pos: 657,219 -> broadcasting to room KMJVV
[WS] UPDATE_PLAYER_STATE from chef_hpql8t4uc (role 2) pos: 657,212 -> broadcasting to room KMJVV
[WS] UPDATE_PLAYER_STATE from chef_hpql8t4uc (role 2) pos: 657,208 -> broadcasting to room KMJVV
[WS] UPDATE_PLAYER_STATE from chef_hpql8t4uc (role 2) pos: 656,208 -> broadcasting to room KMJVV
[WS] UPDATE_PLAYER_STATE from chef_hpql8t4uc (role 2) pos: 653,208 -> broadcasting to room KMJVV
[WS] UPDATE_PLAYER_STATE from chef_hpql8t4uc (role 2) pos: 650,208 -> broadcasting to room KMJVV
[WS] UPDATE_PLAYER_STATE from chef_hpql8t4uc (role 2) pos: 647,208 -> broadcasting to room KMJVV
[WS] UPDATE_PLAYER_STATE from chef_hpql8t4uc (role 2) pos: 642,208 -> broadcasting to room KMJVV
[WS] UPDATE_PLAYER_STATE from chef_hpql8t4uc (role 2) pos: 637,208 -> broadcasting to room KMJVV
[WS] UPDATE_PLAYER_STATE from chef_oe8eift10 (role 1) pos: 788,208 -> broadcasting to room KMJVV
[WS] UPDATE_PLAYER_STATE from chef_hpql8t4uc (role 2) pos: 632,208 -> broadcasting to room KMJVV
[WS] UPDATE_PLAYER_STATE from chef_hpql8t4uc (role 2) pos: 626,208 -> broadcasting to room KMJVV
[WS] UPDATE_PLAYER_STATE from chef_hpql8t4uc (role 2) pos: 619,208 -> broadcasting to room KMJVV
[WS] UPDATE_PLAYER_STATE from chef_hpql8t4uc (role 2) pos: 612,208 -> broadcasting to room KMJVV
[WS] UPDATE_PLAYER_STATE from chef_hpql8t4uc (role 2) pos: 609,208 -> broadcasting to room KMJVV
[WS] UPDATE_PLAYER_STATE from chef_hpql8t4uc (role 2) pos: 607,208 -> broadcasting to room KMJVV
[WS] UPDATE_PLAYER_STATE from chef_hpql8t4uc (role 2) pos: 606,208 -> broadcasting to room KMJVV
[WS] UPDATE_PLAYER_STATE from chef_hpql8t4uc (role 2) pos: 605,208 -> broadcasting to room KMJVV
[WS] UPDATE_PLAYER_STATE from chef_hpql8t4uc (role 2) pos: 605,208 -> broadcasting to room KMJVV
[WS] UPDATE_PLAYER_STATE from chef_hpql8t4uc (role 2) pos: 604,208 -> broadcasting to room KMJVV
[WS] UPDATE_PLAYER_STATE from chef_hpql8t4uc (role 2) pos: 603,208 -> broadcasting to room KMJVV
[WS] UPDATE_PLAYER_STATE from chef_hpql8t4uc (role 2) pos: 602,208 -> broadcasting to room KMJVV
[WS] UPDATE_PLAYER_STATE from chef_hpql8t4uc (role 2) pos: 602,208 -> broadcasting to room KMJVV
[WS] UPDATE_PLAYER_STATE from chef_hpql8t4uc (role 2) pos: 601,208 -> broadcasting to room KMJVV
[WS] UPDATE_PLAYER_STATE from chef_hpql8t4uc (role 2) pos: 601,208 -> broadcasting to room KMJVV
[WS] UPDATE_PLAYER_STATE from chef_hpql8t4uc (role 2) pos: 601,208 -> broadcasting to room KMJVV
[WS] UPDATE_PLAYER_STATE from chef_hpql8t4uc (role 2) pos: 600,208 -> broadcasting to room KMJVV
[WS] UPDATE_PLAYER_STATE from chef_hpql8t4uc (role 2) pos: 600,208 -> broadcasting to room KMJVV
[WS] UPDATE_PLAYER_STATE from chef_hpql8t4uc (role 2) pos: 600,208 -> broadcasting to room KMJVV
[WS] UPDATE_PLAYER_STATE from chef_hpql8t4uc (role 2) pos: 599,208 -> broadcasting to room KMJVV
[WS] UPDATE_PLAYER_STATE from chef_hpql8t4uc (role 2) pos: 599,208 -> broadcasting to room KMJVV
[WS] UPDATE_PLAYER_STATE from chef_hpql8t4uc (role 2) pos: 599,208 -> broadcasting to room KMJVV
[WS] UPDATE_PLAYER_STATE from chef_hpql8t4uc (role 2) pos: 599,208 -> broadcasting to room KMJVV
[WS] UPDATE_PLAYER_STATE from chef_hpql8t4uc (role 2) pos: 599,208 -> broadcasting to room KMJVV
[WS] UPDATE_PLAYER_STATE from chef_oe8eift10 (role 1) pos: 788,208 -> broadcasting to room KMJVV
[WS] UPDATE_PLAYER_STATE from chef_hpql8t4uc (role 2) pos: 599,208 -> broadcasting to room KMJVV
[WS] UPDATE_PLAYER_STATE from chef_hpql8t4uc (role 2) pos: 599,209 -> broadcasting to room KMJVV
[WS] UPDATE_PLAYER_STATE from chef_hpql8t4uc (role 2) pos: 599,212 -> broadcasting to room KMJVV
[WS] UPDATE_PLAYER_STATE from chef_hpql8t4uc (role 2) pos: 599,216 -> broadcasting to room KMJVV
[WS] UPDATE_PLAYER_STATE from chef_hpql8t4uc (role 2) pos: 599,220 -> broadcasting to room KMJVV
[WS] UPDATE_PLAYER_STATE from chef_hpql8t4uc (role 2) pos: 599,226 -> broadcasting to room KMJVV
[WS] UPDATE_PLAYER_STATE from chef_hpql8t4uc (role 2) pos: 599,231 -> broadcasting to room KMJVV
[WS] UPDATE_PLAYER_STATE from chef_hpql8t4uc (role 2) pos: 599,237 -> broadcasting to room KMJVV
[WS] UPDATE_PLAYER_STATE from chef_hpql8t4uc (role 2) pos: 599,242 -> broadcasting to room KMJVV
[WS] UPDATE_PLAYER_STATE from chef_hpql8t4uc (role 2) pos: 598,242 -> broadcasting to room KMJVV
[WS] UPDATE_PLAYER_STATE from chef_oe8eift10 (role 1) pos: 788,208 -> broadcasting to room KMJVV
[WS] UPDATE_PLAYER_STATE from chef_hpql8t4uc (role 2) pos: 595,242 -> broadcasting to room KMJVV
[WS] UPDATE_PLAYER_STATE from chef_hpql8t4uc (role 2) pos: 591,242 -> broadcasting to room KMJVV
[WS] UPDATE_PLAYER_STATE from chef_hpql8t4uc (role 2) pos: 586,242 -> broadcasting to room KMJVV
[WS] UPDATE_PLAYER_STATE from chef_hpql8t4uc (role 2) pos: 581,242 -> broadcasting to room KMJVV
[WS] UPDATE_PLAYER_STATE from chef_hpql8t4uc (role 2) pos: 576,242 -> broadcasting to room KMJVV
[WS] UPDATE_PLAYER_STATE from chef_hpql8t4uc (role 2) pos: 569,242 -> broadcasting to room KMJVV
[WS] UPDATE_PLAYER_STATE from chef_hpql8t4uc (role 2) pos: 563,242 -> broadcasting to room KMJVV
[WS] UPDATE_PLAYER_STATE from chef_hpql8t4uc (role 2) pos: 556,242 -> broadcasting to room KMJVV
[WS] UPDATE_PLAYER_STATE from chef_hpql8t4uc (role 2) pos: 549,242 -> broadcasting to room KMJVV
[WS] UPDATE_PLAYER_STATE from chef_hpql8t4uc (role 2) pos: 541,242 -> broadcasting to room KMJVV
[WS] UPDATE_PLAYER_STATE from chef_hpql8t4uc (role 2) pos: 534,242 -> broadcasting to room KMJVV
[WS] UPDATE_PLAYER_STATE from chef_hpql8t4uc (role 2) pos: 526,242 -> broadcasting to room KMJVV
[WS] UPDATE_PLAYER_STATE from chef_hpql8t4uc (role 2) pos: 517,243 -> broadcasting to room KMJVV
[WS] UPDATE_PLAYER_STATE from chef_hpql8t4uc (role 2) pos: 509,243 -> broadcasting to room KMJVV
[WS] UPDATE_PLAYER_STATE from chef_hpql8t4uc (role 2) pos: 509,243 -> broadcasting to room KMJVV
[WS] UPDATE_PLAYER_STATE from chef_hpql8t4uc (role 2) pos: 501,243 -> broadcasting to room KMJVV
[WS] UPDATE_PLAYER_STATE from chef_hpql8t4uc (role 2) pos: 492,243 -> broadcasting to room KMJVV
[WS] UPDATE_PLAYER_STATE from chef_hpql8t4uc (role 2) pos: 483,243 -> broadcasting to room KMJVV
[WS] UPDATE_PLAYER_STATE from chef_hpql8t4uc (role 2) pos: 475,243 -> broadcasting to room KMJVV
[WS] UPDATE_PLAYER_STATE from chef_hpql8t4uc (role 2) pos: 466,243 -> broadcasting to room KMJVV
[WS] UPDATE_PLAYER_STATE from chef_hpql8t4uc (role 2) pos: 457,244 -> broadcasting to room KMJVV
[WS] UPDATE_PLAYER_STATE from chef_hpql8t4uc (role 2) pos: 448,244 -> broadcasting to room KMJVV
[WS] UPDATE_PLAYER_STATE from chef_hpql8t4uc (role 2) pos: 439,244 -> broadcasting to room KMJVV
[WS] UPDATE_PLAYER_STATE from chef_hpql8t4uc (role 2) pos: 429,244 -> broadcasting to room KMJVV
[WS] UPDATE_PLAYER_STATE from chef_hpql8t4uc (role 2) pos: 420,244 -> broadcasting to room KMJVV
[WS] UPDATE_PLAYER_STATE from chef_hpql8t4uc (role 2) pos: 416,244 -> broadcasting to room KMJVV
[WS] UPDATE_PLAYER_STATE from chef_hpql8t4uc (role 2) pos: 413,245 -> broadcasting to room KMJVV
[WS] UPDATE_PLAYER_STATE from chef_hpql8t4uc (role 2) pos: 409,247 -> broadcasting to room KMJVV
[WS] UPDATE_PLAYER_STATE from chef_hpql8t4uc (role 2) pos: 407,250 -> broadcasting to room KMJVV
[WS] UPDATE_PLAYER_STATE from chef_hpql8t4uc (role 2) pos: 404,254 -> broadcasting to room KMJVV
[WS] UPDATE_PLAYER_STATE from chef_hpql8t4uc (role 2) pos: 402,259 -> broadcasting to room KMJVV
[WS] UPDATE_PLAYER_STATE from chef_hpql8t4uc (role 2) pos: 400,264 -> broadcasting to room KMJVV
[WS] UPDATE_PLAYER_STATE from chef_hpql8t4uc (role 2) pos: 399,269 -> broadcasting to room KMJVV
[WS] UPDATE_PLAYER_STATE from chef_hpql8t4uc (role 2) pos: 397,275 -> broadcasting to room KMJVV
[WS] UPDATE_PLAYER_STATE from chef_hpql8t4uc (role 2) pos: 396,282 -> broadcasting to room KMJVV
[WS] UPDATE_PLAYER_STATE from chef_hpql8t4uc (role 2) pos: 395,289 -> broadcasting to room KMJVV
[WS] UPDATE_PLAYER_STATE from chef_hpql8t4uc (role 2) pos: 394,296 -> broadcasting to room KMJVV
[WS] UPDATE_PLAYER_STATE from chef_hpql8t4uc (role 2) pos: 393,304 -> broadcasting to room KMJVV
[WS] UPDATE_PLAYER_STATE from chef_hpql8t4uc (role 2) pos: 392,307 -> broadcasting to room KMJVV
[WS] UPDATE_PLAYER_STATE from chef_hpql8t4uc (role 2) pos: 392,309 -> broadcasting to room KMJVV
[WS] UPDATE_PLAYER_STATE from chef_hpql8t4uc (role 2) pos: 392,310 -> broadcasting to room KMJVV
[WS] UPDATE_PLAYER_STATE from chef_hpql8t4uc (role 2) pos: 392,311 -> broadcasting to room KMJVV
[WS] UPDATE_PLAYER_STATE from chef_hpql8t4uc (role 2) pos: 392,311 -> broadcasting to room KMJVV
[WS] UPDATE_PLAYER_STATE from chef_hpql8t4uc (role 2) pos: 392,311 -> broadcasting to room KMJVV
[WS] UPDATE_PLAYER_STATE from chef_hpql8t4uc (role 2) pos: 392,311 -> broadcasting to room KMJVV
[WS] UPDATE_PLAYER_STATE from chef_hpql8t4uc (role 2) pos: 391,311 -> broadcasting to room KMJVV
[WS] UPDATE_PLAYER_STATE from chef_hpql8t4uc (role 2) pos: 388,311 -> broadcasting to room KMJVV
[WS] UPDATE_PLAYER_STATE from chef_hpql8t4uc (role 2) pos: 384,311 -> broadcasting to room KMJVV
[WS] UPDATE_PLAYER_STATE from chef_hpql8t4uc (role 2) pos: 380,311 -> broadcasting to room KMJVV
[WS] UPDATE_PLAYER_STATE from chef_oe8eift10 (role 1) pos: 788,208 -> broadcasting to room KMJVV
[WS] UPDATE_PLAYER_STATE from chef_hpql8t4uc (role 2) pos: 374,311 -> broadcasting to room KMJVV
[WS] UPDATE_PLAYER_STATE from chef_hpql8t4uc (role 2) pos: 369,311 -> broadcasting to room KMJVV
[WS] UPDATE_PLAYER_STATE from chef_hpql8t4uc (role 2) pos: 363,311 -> broadcasting to room KMJVV
[WS] UPDATE_PLAYER_STATE from chef_hpql8t4uc (role 2) pos: 356,311 -> broadcasting to room KMJVV
[WS] UPDATE_PLAYER_STATE from chef_hpql8t4uc (role 2) pos: 349,311 -> broadcasting to room KMJVV
[WS] UPDATE_PLAYER_STATE from chef_hpql8t4uc (role 2) pos: 342,311 -> broadcasting to room KMJVV
[WS] UPDATE_PLAYER_STATE from chef_hpql8t4uc (role 2) pos: 334,311 -> broadcasting to room KMJVV
[WS] UPDATE_PLAYER_STATE from chef_hpql8t4uc (role 2) pos: 327,311 -> broadcasting to room KMJVV
[WS] UPDATE_PLAYER_STATE from chef_hpql8t4uc (role 2) pos: 319,311 -> broadcasting to room KMJVV
[WS] UPDATE_PLAYER_STATE from chef_hpql8t4uc (role 2) pos: 310,311 -> broadcasting to room KMJVV
[WS] UPDATE_PLAYER_STATE from chef_hpql8t4uc (role 2) pos: 302,311 -> broadcasting to room KMJVV
[WS] UPDATE_PLAYER_STATE from chef_hpql8t4uc (role 2) pos: 294,311 -> broadcasting to room KMJVV
[WS] UPDATE_PLAYER_STATE from chef_hpql8t4uc (role 2) pos: 294,311 -> broadcasting to room KMJVV
[WS] UPDATE_PLAYER_STATE from chef_hpql8t4uc (role 2) pos: 285,311 -> broadcasting to room KMJVV
[WS] UPDATE_PLAYER_STATE from chef_hpql8t4uc (role 2) pos: 276,311 -> broadcasting to room KMJVV
[WS] UPDATE_PLAYER_STATE from chef_hpql8t4uc (role 2) pos: 268,311 -> broadcasting to room KMJVV
[WS] UPDATE_PLAYER_STATE from chef_hpql8t4uc (role 2) pos: 259,311 -> broadcasting to room KMJVV
[WS] UPDATE_PLAYER_STATE from chef_hpql8t4uc (role 2) pos: 250,311 -> broadcasting to room KMJVV
[WS] UPDATE_PLAYER_STATE from chef_hpql8t4uc (role 2) pos: 241,311 -> broadcasting to room KMJVV
[WS] UPDATE_PLAYER_STATE from chef_hpql8t4uc (role 2) pos: 232,311 -> broadcasting to room KMJVV
[WS] UPDATE_PLAYER_STATE from chef_hpql8t4uc (role 2) pos: 222,311 -> broadcasting to room KMJVV
[WS] UPDATE_PLAYER_STATE from chef_hpql8t4uc (role 2) pos: 213,311 -> broadcasting to room KMJVV
[WS] UPDATE_PLAYER_STATE from chef_hpql8t4uc (role 2) pos: 204,311 -> broadcasting to room KMJVV
[WS] UPDATE_PLAYER_STATE from chef_hpql8t4uc (role 2) pos: 195,311 -> broadcasting to room KMJVV
[WS] UPDATE_PLAYER_STATE from chef_hpql8t4uc (role 2) pos: 185,311 -> broadcasting to room KMJVV
[WS] UPDATE_PLAYER_STATE from chef_hpql8t4uc (role 2) pos: 176,311 -> broadcasting to room KMJVV
[WS] UPDATE_PLAYER_STATE from chef_hpql8t4uc (role 2) pos: 167,311 -> broadcasting to room KMJVV
[WS] UPDATE_PLAYER_STATE from chef_hpql8t4uc (role 2) pos: 157,311 -> broadcasting to room KMJVV
[WS] UPDATE_PLAYER_STATE from chef_hpql8t4uc (role 2) pos: 148,311 -> broadcasting to room KMJVV
[WS] UPDATE_PLAYER_STATE from chef_hpql8t4uc (role 2) pos: 139,311 -> broadcasting to room KMJVV
[WS] UPDATE_PLAYER_STATE from chef_hpql8t4uc (role 2) pos: 129,311 -> broadcasting to room KMJVV
[WS] UPDATE_PLAYER_STATE from chef_hpql8t4uc (role 2) pos: 120,311 -> broadcasting to room KMJVV
[WS] UPDATE_PLAYER_STATE from chef_hpql8t4uc (role 2) pos: 118,311 -> broadcasting to room KMJVV
[WS] UPDATE_PLAYER_STATE from chef_hpql8t4uc (role 2) pos: 118,312 -> broadcasting to room KMJVV
[WS] UPDATE_PLAYER_STATE from chef_hpql8t4uc (role 2) pos: 118,314 -> broadcasting to room KMJVV
[WS] UPDATE_PLAYER_STATE from chef_hpql8t4uc (role 2) pos: 118,317 -> broadcasting to room KMJVV
[WS] UPDATE_PLAYER_STATE from chef_hpql8t4uc (role 2) pos: 118,321 -> broadcasting to room KMJVV
[WS] UPDATE_PLAYER_STATE from chef_hpql8t4uc (role 2) pos: 118,326 -> broadcasting to room KMJVV
[WS] UPDATE_PLAYER_STATE from chef_hpql8t4uc (role 2) pos: 118,331 -> broadcasting to room KMJVV
[WS] UPDATE_PLAYER_STATE from chef_hpql8t4uc (role 2) pos: 118,336 -> broadcasting to room KMJVV
[WS] UPDATE_PLAYER_STATE from chef_hpql8t4uc (role 2) pos: 118,342 -> broadcasting to room KMJVV
[WS] UPDATE_PLAYER_STATE from chef_hpql8t4uc (role 2) pos: 118,349 -> broadcasting to room KMJVV
[WS] UPDATE_PLAYER_STATE from chef_hpql8t4uc (role 2) pos: 118,356 -> broadcasting to room KMJVV
[WS] UPDATE_PLAYER_STATE from chef_hpql8t4uc (role 2) pos: 118,363 -> broadcasting to room KMJVV
[WS] UPDATE_PLAYER_STATE from chef_hpql8t4uc (role 2) pos: 118,371 -> broadcasting to room KMJVV
[WS] UPDATE_PLAYER_STATE from chef_hpql8t4uc (role 2) pos: 118,378 -> broadcasting to room KMJVV
[WS] UPDATE_PLAYER_STATE from chef_hpql8t4uc (role 2) pos: 118,386 -> broadcasting to room KMJVV
[WS] UPDATE_PLAYER_STATE from chef_hpql8t4uc (role 2) pos: 119,393 -> broadcasting to room KMJVV
[WS] UPDATE_PLAYER_STATE from chef_hpql8t4uc (role 2) pos: 121,399 -> broadcasting to room KMJVV
[WS] UPDATE_PLAYER_STATE from chef_hpql8t4uc (role 2) pos: 123,405 -> broadcasting to room KMJVV
[WS] UPDATE_PLAYER_STATE from chef_oe8eift10 (role 1) pos: 788,208 -> broadcasting to room KMJVV
[WS] UPDATE_PLAYER_STATE from chef_hpql8t4uc (role 2) pos: 127,410 -> broadcasting to room KMJVV
[WS] UPDATE_PLAYER_STATE from chef_hpql8t4uc (role 2) pos: 131,414 -> broadcasting to room KMJVV
[WS] UPDATE_PLAYER_STATE from chef_hpql8t4uc (role 2) pos: 136,418 -> broadcasting to room KMJVV
[WS] UPDATE_PLAYER_STATE from chef_hpql8t4uc (role 2) pos: 141,421 -> broadcasting to room KMJVV
[WS] UPDATE_PLAYER_STATE from chef_hpql8t4uc (role 2) pos: 147,422 -> broadcasting to room KMJVV
[WS] UPDATE_PLAYER_STATE from chef_hpql8t4uc (role 2) pos: 154,422 -> broadcasting to room KMJVV
[WS] UPDATE_PLAYER_STATE from chef_hpql8t4uc (role 2) pos: 161,422 -> broadcasting to room KMJVV
[WS] UPDATE_PLAYER_STATE from chef_hpql8t4uc (role 2) pos: 168,422 -> broadcasting to room KMJVV
[WS] UPDATE_PLAYER_STATE from chef_hpql8t4uc (role 2) pos: 175,422 -> broadcasting to room KMJVV
[WS] UPDATE_PLAYER_STATE from chef_hpql8t4uc (role 2) pos: 183,422 -> broadcasting to room KMJVV
[WS] UPDATE_PLAYER_STATE from chef_hpql8t4uc (role 2) pos: 191,422 -> broadcasting to room KMJVV
[WS] UPDATE_PLAYER_STATE from chef_hpql8t4uc (role 2) pos: 199,422 -> broadcasting to room KMJVV
[WS] UPDATE_PLAYER_STATE from chef_hpql8t4uc (role 2) pos: 207,422 -> broadcasting to room KMJVV
[WS] UPDATE_PLAYER_STATE from chef_hpql8t4uc (role 2) pos: 207,422 -> broadcasting to room KMJVV
[WS] UPDATE_PLAYER_STATE from chef_hpql8t4uc (role 2) pos: 215,422 -> broadcasting to room KMJVV
[WS] UPDATE_PLAYER_STATE from chef_hpql8t4uc (role 2) pos: 224,422 -> broadcasting to room KMJVV
[WS] UPDATE_PLAYER_STATE from chef_hpql8t4uc (role 2) pos: 233,422 -> broadcasting to room KMJVV
[WS] UPDATE_PLAYER_STATE from chef_hpql8t4uc (role 2) pos: 241,422 -> broadcasting to room KMJVV
[WS] UPDATE_PLAYER_STATE from chef_hpql8t4uc (role 2) pos: 250,422 -> broadcasting to room KMJVV
[WS] UPDATE_PLAYER_STATE from chef_hpql8t4uc (role 2) pos: 259,422 -> broadcasting to room KMJVV
[WS] UPDATE_PLAYER_STATE from chef_hpql8t4uc (role 2) pos: 268,422 -> broadcasting to room KMJVV
[WS] UPDATE_PLAYER_STATE from chef_hpql8t4uc (role 2) pos: 277,422 -> broadcasting to room KMJVV
[WS] UPDATE_PLAYER_STATE from chef_hpql8t4uc (role 2) pos: 286,422 -> broadcasting to room KMJVV
[WS] UPDATE_PLAYER_STATE from chef_hpql8t4uc (role 2) pos: 296,422 -> broadcasting to room KMJVV
[WS] UPDATE_PLAYER_STATE from chef_hpql8t4uc (role 2) pos: 304,422 -> broadcasting to room KMJVV
[WS] UPDATE_PLAYER_STATE from chef_hpql8t4uc (role 2) pos: 311,422 -> broadcasting to room KMJVV
[WS] UPDATE_PLAYER_STATE from chef_hpql8t4uc (role 2) pos: 317,422 -> broadcasting to room KMJVV
[WS] UPDATE_PLAYER_STATE from chef_hpql8t4uc (role 2) pos: 322,422 -> broadcasting to room KMJVV
[WS] UPDATE_PLAYER_STATE from chef_hpql8t4uc (role 2) pos: 327,422 -> broadcasting to room KMJVV
[WS] UPDATE_PLAYER_STATE from chef_hpql8t4uc (role 2) pos: 330,422 -> broadcasting to room KMJVV
[WS] UPDATE_PLAYER_STATE from chef_hpql8t4uc (role 2) pos: 331,422 -> broadcasting to room KMJVV
[WS] UPDATE_PLAYER_STATE from chef_hpql8t4uc (role 2) pos: 332,422 -> broadcasting to room KMJVV
[WS] UPDATE_PLAYER_STATE from chef_hpql8t4uc (role 2) pos: 332,422 -> broadcasting to room KMJVV
[WS] UPDATE_PLAYER_STATE from chef_hpql8t4uc (role 2) pos: 332,422 -> broadcasting to room KMJVV
[WS] UPDATE_PLAYER_STATE from chef_hpql8t4uc (role 2) pos: 332,422 -> broadcasting to room KMJVV
[WS] UPDATE_PLAYER_STATE from chef_oe8eift10 (role 1) pos: 788,208 -> broadcasting to room KMJVV
[WS] UPDATE_PLAYER_STATE from chef_hpql8t4uc (role 2) pos: 332,422 -> broadcasting to room KMJVV
[WS] UPDATE_PLAYER_STATE from chef_hpql8t4uc (role 2) pos: 332,422 -> broadcasting to room KMJVV
[WS] UPDATE_PLAYER_STATE from chef_oe8eift10 (role 1) pos: 788,208 -> broadcasting to room KMJVV
[WS] UPDATE_PLAYER_STATE from chef_hpql8t4uc (role 2) pos: 332,422 -> broadcasting to room KMJVV
[WS] UPDATE_PLAYER_STATE from chef_oe8eift10 (role 1) pos: 788,208 -> broadcasting to room KMJVV
[WS] UPDATE_PLAYER_STATE from chef_hpql8t4uc (role 2) pos: 332,422 -> broadcasting to room KMJVV
[WS] UPDATE_PLAYER_STATE from chef_oe8eift10 (role 1) pos: 788,208 -> broadcasting to room KMJVV
[WS] UPDATE_PLAYER_STATE from chef_hpql8t4uc (role 2) pos: 332,422 -> broadcasting to room KMJVV
[WS] UPDATE_PLAYER_STATE from chef_oe8eift10 (role 1) pos: 788,208 -> broadcasting to room KMJVV
[WS] UPDATE_PLAYER_STATE from chef_hpql8t4uc (role 2) pos: 332,422 -> broadcasting to room KMJVV
[WS] UPDATE_PLAYER_STATE from chef_oe8eift10 (role 1) pos: 788,208 -> broadcasting to room KMJVV
[WS] UPDATE_PLAYER_STATE from chef_hpql8t4uc (role 2) pos: 332,422 -> broadcasting to room KMJVV
[WS] UPDATE_PLAYER_STATE from chef_oe8eift10 (role 1) pos: 788,208 -> broadcasting to room KMJVV
[WS] UPDATE_PLAYER_STATE from chef_hpql8t4uc (role 2) pos: 332,422 -> broadcasting to room KMJVV
[WS] Client closed connection
[WS] Player chef_oe8eift10 disconnected implicitly from room KMJVV. Starting 30s grace period.
[WS] UPDATE_PLAYER_STATE from chef_hpql8t4uc (role 2) pos: 332,422 -> broadcasting to room KMJVV
[WS] Client closed connection
[WS] Player chef_hpql8t4uc disconnected implicitly from room KMJVV. Starting 30s grace period.
[WS] New client connected
[WS] JOIN_LOBBY from chef_0zipwzlbb (matchType: web, maxPlayers: 4, inputCode: none)
[WS] Created new room OV1BF (web, maxPlayers: 4). Player chef_0zipwzlbb is host.
[WS] Grace period expired. Cleaning up player chef_oe8eift10 from room KMJVV
[WS] Host migrated to player chef_hpql8t4uc
[WS] Grace period expired. Cleaning up player chef_hpql8t4uc from room KMJVV
[WS] Room KMJVV empty. Destroying.
[WS] New client connected
[WS] JOIN_LOBBY from chef_hpql8t4uc (matchType: web, maxPlayers: 4, inputCode: none)
[WS] Found matching room OV1BF (1/4 players)
[WS] Player chef_hpql8t4uc joining existing room OV1BF
[WS] New client connected
[WS] JOIN_LOBBY from chef_3dcfy3a9e (matchType: web, maxPlayers: 4, inputCode: none)
[WS] Found matching room OV1BF (2/4 players)
[WS] Player chef_3dcfy3a9e joining existing room OV1BF
[WS] New client connected
[WS] JOIN_LOBBY from chef_oe8eift10 (matchType: web, maxPlayers: 4, inputCode: none)
[WS] Found matching room OV1BF (3/4 players)
[WS] Player chef_oe8eift10 joining existing room OV1BF
[WS] UPDATE_PLAYER_STATE from chef_hpql8t4uc (role 2) pos: 765,315 -> broadcasting to room OV1BF
[WS] UPDATE_PLAYER_STATE from chef_hpql8t4uc (role 2) pos: 765,315 -> broadcasting to room OV1BF
[WS] UPDATE_PLAYER_STATE from chef_oe8eift10 (role 4) pos: 585,225 -> broadcasting to room OV1BF
[WS] UPDATE_PLAYER_STATE from chef_0zipwzlbb (role 1) pos: 225,315 -> broadcasting to room OV1BF
[WS] UPDATE_PLAYER_STATE from chef_0zipwzlbb (role 1) pos: 225,315 -> broadcasting to room OV1BF
[WS] UPDATE_PLAYER_STATE from chef_3dcfy3a9e (role 3) pos: 495,225 -> broadcasting to room OV1BF
[WS] UPDATE_PLAYER_STATE from chef_3dcfy3a9e (role 3) pos: 495,225 -> broadcasting to room OV1BF
[WS] UPDATE_PLAYER_STATE from chef_oe8eift10 (role 4) pos: 585,225 -> broadcasting to room OV1BF
[WS] UPDATE_PLAYER_STATE from chef_hpql8t4uc (role 2) pos: 765,315 -> broadcasting to room OV1BF
[WS] UPDATE_PLAYER_STATE from chef_0zipwzlbb (role 1) pos: 225,315 -> broadcasting to room OV1BF
[WS] UPDATE_PLAYER_STATE from chef_oe8eift10 (role 4) pos: 585,225 -> broadcasting to room OV1BF
[WS] UPDATE_PLAYER_STATE from chef_3dcfy3a9e (role 3) pos: 495,225 -> broadcasting to room OV1BF
[WS] UPDATE_PLAYER_STATE from chef_hpql8t4uc (role 2) pos: 765,315 -> broadcasting to room OV1BF
[WS] UPDATE_PLAYER_STATE from chef_0zipwzlbb (role 1) pos: 225,315 -> broadcasting to room OV1BF
[WS] UPDATE_PLAYER_STATE from chef_oe8eift10 (role 4) pos: 585,225 -> broadcasting to room OV1BF
[WS] UPDATE_PLAYER_STATE from chef_3dcfy3a9e (role 3) pos: 495,225 -> broadcasting to room OV1BF
[WS] UPDATE_PLAYER_STATE from chef_0zipwzlbb (role 1) pos: 226,315 -> broadcasting to room OV1BF
[WS] UPDATE_PLAYER_STATE from chef_hpql8t4uc (role 2) pos: 765,315 -> broadcasting to room OV1BF
[WS] UPDATE_PLAYER_STATE from chef_0zipwzlbb (role 1) pos: 229,315 -> broadcasting to room OV1BF
[WS] UPDATE_PLAYER_STATE from chef_0zipwzlbb (role 1) pos: 229,315 -> broadcasting to room OV1BF
[WS] UPDATE_PLAYER_STATE from chef_0zipwzlbb (role 1) pos: 233,315 -> broadcasting to room OV1BF
[WS] UPDATE_PLAYER_STATE from chef_oe8eift10 (role 4) pos: 585,225 -> broadcasting to room OV1BF
[WS] UPDATE_PLAYER_STATE from chef_3dcfy3a9e (role 3) pos: 495,225 -> broadcasting to room OV1BF
[WS] UPDATE_PLAYER_STATE from chef_0zipwzlbb (role 1) pos: 237,315 -> broadcasting to room OV1BF
[WS] UPDATE_PLAYER_STATE from chef_0zipwzlbb (role 1) pos: 243,315 -> broadcasting to room OV1BF
[WS] UPDATE_PLAYER_STATE from chef_0zipwzlbb (role 1) pos: 248,315 -> broadcasting to room OV1BF
[WS] UPDATE_PLAYER_STATE from chef_0zipwzlbb (role 1) pos: 254,315 -> broadcasting to room OV1BF
[WS] UPDATE_PLAYER_STATE from chef_0zipwzlbb (role 1) pos: 261,315 -> broadcasting to room OV1BF
[WS] UPDATE_PLAYER_STATE from chef_0zipwzlbb (role 1) pos: 268,315 -> broadcasting to room OV1BF
[WS] UPDATE_PLAYER_STATE from chef_0zipwzlbb (role 1) pos: 275,315 -> broadcasting to room OV1BF
[WS] UPDATE_PLAYER_STATE from chef_0zipwzlbb (role 1) pos: 283,315 -> broadcasting to room OV1BF
[WS] UPDATE_PLAYER_STATE from chef_0zipwzlbb (role 1) pos: 290,315 -> broadcasting to room OV1BF
[WS] UPDATE_PLAYER_STATE from chef_0zipwzlbb (role 1) pos: 298,315 -> broadcasting to room OV1BF
[WS] UPDATE_PLAYER_STATE from chef_0zipwzlbb (role 1) pos: 306,315 -> broadcasting to room OV1BF
[WS] UPDATE_PLAYER_STATE from chef_0zipwzlbb (role 1) pos: 315,315 -> broadcasting to room OV1BF
[WS] UPDATE_PLAYER_STATE from chef_0zipwzlbb (role 1) pos: 323,315 -> broadcasting to room OV1BF
[WS] UPDATE_PLAYER_STATE from chef_0zipwzlbb (role 1) pos: 332,315 -> broadcasting to room OV1BF
[WS] UPDATE_PLAYER_STATE from chef_0zipwzlbb (role 1) pos: 341,315 -> broadcasting to room OV1BF
[WS] UPDATE_PLAYER_STATE from chef_0zipwzlbb (role 1) pos: 349,315 -> broadcasting to room OV1BF
[WS] UPDATE_PLAYER_STATE from chef_0zipwzlbb (role 1) pos: 358,315 -> broadcasting to room OV1BF
[WS] UPDATE_PLAYER_STATE from chef_0zipwzlbb (role 1) pos: 367,315 -> broadcasting to room OV1BF
[WS] UPDATE_PLAYER_STATE from chef_0zipwzlbb (role 1) pos: 376,315 -> broadcasting to room OV1BF
[WS] UPDATE_PLAYER_STATE from chef_0zipwzlbb (role 1) pos: 385,315 -> broadcasting to room OV1BF
[WS] UPDATE_PLAYER_STATE from chef_0zipwzlbb (role 1) pos: 395,315 -> broadcasting to room OV1BF
[WS] UPDATE_PLAYER_STATE from chef_0zipwzlbb (role 1) pos: 404,315 -> broadcasting to room OV1BF
[WS] UPDATE_PLAYER_STATE from chef_0zipwzlbb (role 1) pos: 413,315 -> broadcasting to room OV1BF
[WS] UPDATE_PLAYER_STATE from chef_0zipwzlbb (role 1) pos: 422,315 -> broadcasting to room OV1BF
[WS] UPDATE_PLAYER_STATE from chef_0zipwzlbb (role 1) pos: 432,315 -> broadcasting to room OV1BF
[WS] UPDATE_PLAYER_STATE from chef_0zipwzlbb (role 1) pos: 436,315 -> broadcasting to room OV1BF
[WS] UPDATE_PLAYER_STATE from chef_0zipwzlbb (role 1) pos: 438,315 -> broadcasting to room OV1BF
[WS] UPDATE_PLAYER_STATE from chef_0zipwzlbb (role 1) pos: 439,315 -> broadcasting to room OV1BF
[WS] UPDATE_PLAYER_STATE from chef_hpql8t4uc (role 2) pos: 765,315 -> broadcasting to room OV1BF
[WS] UPDATE_PLAYER_STATE from chef_0zipwzlbb (role 1) pos: 439,315 -> broadcasting to room OV1BF
[WS] UPDATE_PLAYER_STATE from chef_oe8eift10 (role 4) pos: 585,225 -> broadcasting to room OV1BF
[WS] UPDATE_PLAYER_STATE from chef_3dcfy3a9e (role 3) pos: 495,225 -> broadcasting to room OV1BF
[WS] UPDATE_PLAYER_STATE from chef_hpql8t4uc (role 2) pos: 765,315 -> broadcasting to room OV1BF
[WS] UPDATE_PLAYER_STATE from chef_0zipwzlbb (role 1) pos: 439,315 -> broadcasting to room OV1BF
[WS] UPDATE_PLAYER_STATE from chef_oe8eift10 (role 4) pos: 585,225 -> broadcasting to room OV1BF
[WS] UPDATE_PLAYER_STATE from chef_3dcfy3a9e (role 3) pos: 495,225 -> broadcasting to room OV1BF
[WS] UPDATE_PLAYER_STATE from chef_hpql8t4uc (role 2) pos: 765,315 -> broadcasting to room OV1BF
[WS] UPDATE_PLAYER_STATE from chef_0zipwzlbb (role 1) pos: 439,315 -> broadcasting to room OV1BF
[WS] UPDATE_PLAYER_STATE from chef_oe8eift10 (role 4) pos: 585,225 -> broadcasting to room OV1BF
[WS] UPDATE_PLAYER_STATE from chef_3dcfy3a9e (role 3) pos: 495,225 -> broadcasting to room OV1BF
[WS] UPDATE_PLAYER_STATE from chef_hpql8t4uc (role 2) pos: 765,315 -> broadcasting to room OV1BF
[WS] UPDATE_PLAYER_STATE from chef_0zipwzlbb (role 1) pos: 439,315 -> broadcasting to room OV1BF
[WS] UPDATE_PLAYER_STATE from chef_oe8eift10 (role 4) pos: 585,225 -> broadcasting to room OV1BF
[WS] UPDATE_PLAYER_STATE from chef_3dcfy3a9e (role 3) pos: 495,225 -> broadcasting to room OV1BF
[WS] UPDATE_PLAYER_STATE from chef_hpql8t4uc (role 2) pos: 765,315 -> broadcasting to room OV1BF
[WS] UPDATE_PLAYER_STATE from chef_0zipwzlbb (role 1) pos: 439,315 -> broadcasting to room OV1BF
[WS] UPDATE_PLAYER_STATE from chef_oe8eift10 (role 4) pos: 585,225 -> broadcasting to room OV1BF
[WS] UPDATE_PLAYER_STATE from chef_3dcfy3a9e (role 3) pos: 495,225 -> broadcasting to room OV1BF
[WS] Client closed connection
[WS] Player chef_3dcfy3a9e disconnected implicitly from room OV1BF. Starting 30s grace period.
[WS] Client closed connection
[WS] Player chef_hpql8t4uc disconnected implicitly from room OV1BF. Starting 30s grace period.
[WS] Client closed connection
[WS] Player chef_0zipwzlbb disconnected implicitly from room OV1BF. Starting 30s grace period.
[WS] UPDATE_PLAYER_STATE from chef_oe8eift10 (role 4) pos: 585,225 -> broadcasting to room OV1BF
[WS] UPDATE_PLAYER_STATE from chef_oe8eift10 (role 4) pos: 585,225 -> broadcasting to room OV1BF
[WS] UPDATE_PLAYER_STATE from chef_oe8eift10 (role 4) pos: 585,225 -> broadcasting to room OV1BF
[WS] UPDATE_PLAYER_STATE from chef_oe8eift10 (role 4) pos: 585,225 -> broadcasting to room OV1BF
[WS] UPDATE_PLAYER_STATE from chef_oe8eift10 (role 4) pos: 585,225 -> broadcasting to room OV1BF
[WS] UPDATE_PLAYER_STATE from chef_oe8eift10 (role 4) pos: 585,225 -> broadcasting to room OV1BF
[WS] UPDATE_PLAYER_STATE from chef_oe8eift10 (role 4) pos: 585,225 -> broadcasting to room OV1BF
[WS] UPDATE_PLAYER_STATE from chef_oe8eift10 (role 4) pos: 585,225 -> broadcasting to room OV1BF
[WS] UPDATE_PLAYER_STATE from chef_oe8eift10 (role 4) pos: 585,225 -> broadcasting to room OV1BF
[WS] UPDATE_PLAYER_STATE from chef_oe8eift10 (role 4) pos: 585,225 -> broadcasting to room OV1BF
[WS] UPDATE_PLAYER_STATE from chef_oe8eift10 (role 4) pos: 585,225 -> broadcasting to room OV1BF
[WS] UPDATE_PLAYER_STATE from chef_oe8eift10 (role 4) pos: 585,225 -> broadcasting to room OV1BF
[WS] UPDATE_PLAYER_STATE from chef_oe8eift10 (role 4) pos: 585,225 -> broadcasting to room OV1BF
[WS] UPDATE_PLAYER_STATE from chef_oe8eift10 (role 4) pos: 585,225 -> broadcasting to room OV1BF
[WS] UPDATE_PLAYER_STATE from chef_oe8eift10 (role 4) pos: 585,225 -> broadcasting to room OV1BF
[WS] UPDATE_PLAYER_STATE from chef_oe8eift10 (role 4) pos: 585,225 -> broadcasting to room OV1BF
[WS] UPDATE_PLAYER_STATE from chef_oe8eift10 (role 4) pos: 585,225 -> broadcasting to room OV1BF
[WS] UPDATE_PLAYER_STATE from chef_oe8eift10 (role 4) pos: 585,225 -> broadcasting to room OV1BF
[WS] UPDATE_PLAYER_STATE from chef_oe8eift10 (role 4) pos: 585,225 -> broadcasting to room OV1BF
[WS] UPDATE_PLAYER_STATE from chef_oe8eift10 (role 4) pos: 585,225 -> broadcasting to room OV1BF
[WS] Grace period expired. Cleaning up player chef_3dcfy3a9e from room OV1BF
[WS] Grace period expired. Cleaning up player chef_hpql8t4uc from room OV1BF
[WS] Grace period expired. Cleaning up player chef_0zipwzlbb from room OV1BF
[WS] Host migrated to player chef_oe8eift10
[WS] UPDATE_PLAYER_STATE from chef_oe8eift10 (role 1) pos: 439,315 -> broadcasting to room OV1BF
[WS] UPDATE_PLAYER_STATE from chef_oe8eift10 (role 1) pos: 439,315 -> broadcasting to room OV1BF
[WS] UPDATE_PLAYER_STATE from chef_oe8eift10 (role 1) pos: 439,315 -> broadcasting to room OV1BF
[WS] UPDATE_PLAYER_STATE from chef_oe8eift10 (role 1) pos: 439,315 -> broadcasting to room OV1BF
[WS] UPDATE_PLAYER_STATE from chef_oe8eift10 (role 1) pos: 439,315 -> broadcasting to room OV1BF
[WS] UPDATE_PLAYER_STATE from chef_oe8eift10 (role 1) pos: 439,315 -> broadcasting to room OV1BF
[WS] UPDATE_PLAYER_STATE from chef_oe8eift10 (role 1) pos: 439,315 -> broadcasting to room OV1BF
[WS] UPDATE_PLAYER_STATE from chef_oe8eift10 (role 1) pos: 439,315 -> broadcasting to room OV1BF
[WS] UPDATE_PLAYER_STATE from chef_oe8eift10 (role 1) pos: 439,315 -> broadcasting to room OV1BF
[WS] UPDATE_PLAYER_STATE from chef_oe8eift10 (role 1) pos: 439,315 -> broadcasting to room OV1BF
[WS] UPDATE_PLAYER_STATE from chef_oe8eift10 (role 1) pos: 439,315 -> broadcasting to room OV1BF
[WS] UPDATE_PLAYER_STATE from chef_oe8eift10 (role 1) pos: 439,315 -> broadcasting to room OV1BF
[WS] UPDATE_PLAYER_STATE from chef_oe8eift10 (role 1) pos: 439,315 -> broadcasting to room OV1BF
[WS] UPDATE_PLAYER_STATE from chef_oe8eift10 (role 1) pos: 439,315 -> broadcasting to room OV1BF
[WS] UPDATE_PLAYER_STATE from chef_oe8eift10 (role 1) pos: 439,315 -> broadcasting to room OV1BF
[WS] UPDATE_PLAYER_STATE from chef_oe8eift10 (role 1) pos: 439,315 -> broadcasting to room OV1BF
[WS] UPDATE_PLAYER_STATE from chef_oe8eift10 (role 1) pos: 439,315 -> broadcasting to room OV1BF
[WS] UPDATE_PLAYER_STATE from chef_oe8eift10 (role 1) pos: 439,315 -> broadcasting to room OV1BF
[WS] UPDATE_PLAYER_STATE from chef_oe8eift10 (role 1) pos: 439,315 -> broadcasting to room OV1BF
[WS] UPDATE_PLAYER_STATE from chef_oe8eift10 (role 1) pos: 439,315 -> broadcasting to room OV1BF
[WS] UPDATE_PLAYER_STATE from chef_oe8eift10 (role 1) pos: 439,315 -> broadcasting to room OV1BF
[WS] UPDATE_PLAYER_STATE from chef_oe8eift10 (role 1) pos: 439,315 -> broadcasting to room OV1BF
[WS] UPDATE_PLAYER_STATE from chef_oe8eift10 (role 1) pos: 439,315 -> broadcasting to room OV1BF
[WS] Client closed connection
[WS] Player chef_oe8eift10 disconnected implicitly from room OV1BF. Starting 30s grace period.
[WS] Grace period expired. Cleaning up player chef_oe8eift10 from room OV1BF
[WS] Room OV1BF empty. Destroying.
[2m10:58:24 p. m.[22m [36m[1m[vite][22m[39m [90m[2m(client)[22m[39m [32mhmr update [39m[2m/@fs/C:\Users\felipe\Downloads\cartoon-cooking-game\src\components\GameCanvas.tsx, /src/index.css[22m
[2m10:58:59 p. m.[22m [36m[1m[vite][22m[39m [90m[2m(client)[22m[39m [32mhmr update [39m[2m/@fs/C:\Users\felipe\Downloads\cartoon-cooking-game\src\components\GameCanvas.tsx, /src/index.css[22m
[2m10:59:33 p. m.[22m [36m[1m[vite][22m[39m [90m[2m(client)[22m[39m [32mhmr update [39m[2m/@fs/C:\Users\felipe\Downloads\cartoon-cooking-game\src\components\GameCanvas.tsx, /src/index.css[22m
[2m10:59:49 p. m.[22m [36m[1m[vite][22m[39m [90m[2m(client)[22m[39m [32mhmr update [39m[2m/@fs/C:\Users\felipe\Downloads\cartoon-cooking-game\src\components\GameCanvas.tsx, /src/index.css[22m
[WS] New client connected
[WS] JOIN_LOBBY from chef_w5mnws0s8 (matchType: web, maxPlayers: 2, inputCode: none)
[WS] Created new room Z7QF5 (web, maxPlayers: 2). Player chef_w5mnws0s8 is host.
[WS] Player chef_w5mnws0s8 explicitly left room Z7QF5. Performing immediate cleanup.
[WS] Room Z7QF5 empty. Destroying.
[2m11:06:42 p. m.[22m [36m[1m[vite][22m[39m [90m[2m(client)[22m[39m [32mhmr update [39m[2m/@fs/C:\Users\felipe\Downloads\cartoon-cooking-game\src\components\GameCanvas.tsx, /src/index.css[22m
[2m11:06:48 p. m.[22m [36m[1m[vite][22m[39m [90m[2m(client)[22m[39m [33mhmr invalidate [39m[2m/@fs/C:\Users\felipe\Downloads\cartoon-cooking-game\src\components\GameCanvas.tsx[22m Could not Fast Refresh ("isAndroidDevice" export is incompatible). Learn more at https://github.com/vitejs/vite-plugin-react/tree/main/packages/plugin-react#consistent-components-exports
[2m11:06:48 p. m.[22m [36m[1m[vite][22m[39m [90m[2m(client)[22m[39m [32mhmr update [39m[2m/src/index.css, /src/App.tsx[22m
[WS] Client closed connection
[2m11:07:17 p. m.[22m [36m[1m[vite][22m[39m [90m[2m(client)[22m[39m [32mhmr update [39m[2m/@fs/C:\Users\felipe\Downloads\cartoon-cooking-game\src\components\GameCanvas.tsx, /src/index.css[22m
[2m11:17:15 p. m.[22m [36m[1m[vite][22m[39m [90m[2m(client)[22m[39m [32mhmr update [39m[2m/@fs/C:\Users\felipe\Downloads\cartoon-cooking-game\src\components\GameCanvas.tsx, /src/index.css[22m
[2m11:17:16 p. m.[22m [36m[1m[vite][22m[39m [90m[2m(client)[22m[39m [33mhmr invalidate [39m[2m/@fs/C:\Users\felipe\Downloads\cartoon-cooking-game\src\components\GameCanvas.tsx[22m Could not Fast Refresh ("isAndroidDevice" export is incompatible). Learn more at https://github.com/vitejs/vite-plugin-react/tree/main/packages/plugin-react#consistent-components-exports
[2m11:17:16 p. m.[22m [36m[1m[vite][22m[39m [90m[2m(client)[22m[39m [32mhmr update [39m[2m/src/index.css, /src/App.tsx[22m
[2m11:20:10 p. m.[22m [36m[1m[vite][22m[39m [90m[2m(client)[22m[39m [32mhmr update [39m[2m/@fs/C:\Users\felipe\Downloads\cartoon-cooking-game\src\components\GameCanvas.tsx, /src/index.css[22m
[2m11:20:12 p. m.[22m [36m[1m[vite][22m[39m [90m[2m(client)[22m[39m [33mhmr invalidate [39m[2m/@fs/C:\Users\felipe\Downloads\cartoon-cooking-game\src\components\GameCanvas.tsx[22m Could not Fast Refresh ("isAndroidDevice" export is incompatible). Learn more at https://github.com/vitejs/vite-plugin-react/tree/main/packages/plugin-react#consistent-components-exports
[2m11:20:12 p. m.[22m [36m[1m[vite][22m[39m [90m[2m(client)[22m[39m [32mhmr update [39m[2m/src/index.css, /src/App.tsx[22m
[2m11:23:30 p. m.[22m [36m[1m[vite][22m[39m [90m[2m(client)[22m[39m [32mhmr update [39m[2m/@fs/C:\Users\felipe\Downloads\cartoon-cooking-game\src\components\GameCanvas.tsx, /src/index.css[22m
[2m11:23:32 p. m.[22m [36m[1m[vite][22m[39m [90m[2m(client)[22m[39m [33mhmr invalidate [39m[2m/@fs/C:\Users\felipe\Downloads\cartoon-cooking-game\src\components\GameCanvas.tsx[22m Could not Fast Refresh ("isAndroidDevice" export is incompatible). Learn more at https://github.com/vitejs/vite-plugin-react/tree/main/packages/plugin-react#consistent-components-exports
[2m11:23:32 p. m.[22m [36m[1m[vite][22m[39m [90m[2m(client)[22m[39m [32mhmr update [39m[2m/src/index.css, /src/App.tsx[22m
[2m11:29:04 p. m.[22m [36m[1m[vite][22m[39m [90m[2m(client)[22m[39m [32mhmr update [39m[2m/@fs/C:\Users\felipe\Downloads\cartoon-cooking-game\src\components\GameCanvas.tsx, /src/index.css[22m
[2m11:29:06 p. m.[22m [36m[1m[vite][22m[39m [90m[2m(client)[22m[39m [33mhmr invalidate [39m[2m/@fs/C:\Users\felipe\Downloads\cartoon-cooking-game\src\components\GameCanvas.tsx[22m Could not Fast Refresh ("isAndroidDevice" export is incompatible). Learn more at https://github.com/vitejs/vite-plugin-react/tree/main/packages/plugin-react#consistent-components-exports
[2m11:29:06 p. m.[22m [36m[1m[vite][22m[39m [90m[2m(client)[22m[39m [32mhmr update [39m[2m/src/index.css, /src/App.tsx[22m
[2m11:31:26 p. m.[22m [36m[1m[vite][22m[39m [90m[2m(client)[22m[39m [32mhmr update [39m[2m/@fs/C:\Users\felipe\Downloads\cartoon-cooking-game\src\components\GameCanvas.tsx, /src/index.css[22m
[2m11:31:28 p. m.[22m [36m[1m[vite][22m[39m [90m[2m(client)[22m[39m [33mhmr invalidate [39m[2m/@fs/C:\Users\felipe\Downloads\cartoon-cooking-game\src\components\GameCanvas.tsx[22m Could not Fast Refresh ("isAndroidDevice" export is incompatible). Learn more at https://github.com/vitejs/vite-plugin-react/tree/main/packages/plugin-react#consistent-components-exports
[2m11:31:28 p. m.[22m [36m[1m[vite][22m[39m [90m[2m(client)[22m[39m [32mhmr update [39m[2m/src/index.css, /src/App.tsx[22m
[2m11:37:41 p. m.[22m [36m[1m[vite][22m[39m [90m[2m(client)[22m[39m [32mhmr update [39m[2m/@fs/C:\Users\felipe\Downloads\cartoon-cooking-game\src\components\GameCanvas.tsx, /src/index.css[22m
[2m11:37:43 p. m.[22m [36m[1m[vite][22m[39m [90m[2m(client)[22m[39m [33mhmr invalidate [39m[2m/@fs/C:\Users\felipe\Downloads\cartoon-cooking-game\src\components\GameCanvas.tsx[22m Could not Fast Refresh ("isAndroidDevice" export is incompatible). Learn more at https://github.com/vitejs/vite-plugin-react/tree/main/packages/plugin-react#consistent-components-exports
[2m11:37:43 p. m.[22m [36m[1m[vite][22m[39m [90m[2m(client)[22m[39m [32mhmr update [39m[2m/src/index.css, /src/App.tsx[22m
[2m11:45:14 p. m.[22m [36m[1m[vite][22m[39m [90m[2m(client)[22m[39m [32mhmr update [39m[2m/@fs/C:\Users\felipe\Downloads\cartoon-cooking-game\src\components\GameCanvas.tsx, /src/index.css[22m
[2m11:45:16 p. m.[22m [36m[1m[vite][22m[39m [90m[2m(client)[22m[39m [33mhmr invalidate [39m[2m/@fs/C:\Users\felipe\Downloads\cartoon-cooking-game\src\components\GameCanvas.tsx[22m Could not Fast Refresh ("isAndroidDevice" export is incompatible). Learn more at https://github.com/vitejs/vite-plugin-react/tree/main/packages/plugin-react#consistent-components-exports
[2m11:45:16 p. m.[22m [36m[1m[vite][22m[39m [90m[2m(client)[22m[39m [32mhmr update [39m[2m/src/index.css, /src/App.tsx[22m
[2m11:54:03 p. m.[22m [36m[1m[vite][22m[39m [90m[2m(client)[22m[39m [32mhmr update [39m[2m/@fs/C:\Users\felipe\Downloads\cartoon-cooking-game\src\components\GameCanvas.tsx, /src/index.css[22m
[2m11:54:04 p. m.[22m [36m[1m[vite][22m[39m [90m[2m(client)[22m[39m [33mhmr invalidate [39m[2m/@fs/C:\Users\felipe\Downloads\cartoon-cooking-game\src\components\GameCanvas.tsx[22m Could not Fast Refresh ("isAndroidDevice" export is incompatible). Learn more at https://github.com/vitejs/vite-plugin-react/tree/main/packages/plugin-react#consistent-components-exports
[2m11:54:04 p. m.[22m [36m[1m[vite][22m[39m [90m[2m(client)[22m[39m [32mhmr update [39m[2m/src/index.css, /src/App.tsx[22m
[2m11:57:33 p. m.[22m [36m[1m[vite][22m[39m [90m[2m(client)[22m[39m [32mhmr update [39m[2m/@fs/C:\Users\felipe\Downloads\cartoon-cooking-game\src\components\GameCanvas.tsx, /src/index.css[22m
[2m11:57:35 p. m.[22m [36m[1m[vite][22m[39m [90m[2m(client)[22m[39m [33mhmr invalidate [39m[2m/@fs/C:\Users\felipe\Downloads\cartoon-cooking-game\src\components\GameCanvas.tsx[22m Could not Fast Refresh ("isAndroidDevice" export is incompatible). Learn more at https://github.com/vitejs/vite-plugin-react/tree/main/packages/plugin-react#consistent-components-exports
[2m11:57:35 p. m.[22m [36m[1m[vite][22m[39m [90m[2m(client)[22m[39m [32mhmr update [39m[2m/src/index.css, /src/App.tsx[22m
[2m12:16:44 a. m.[22m [36m[1m[vite][22m[39m [90m[2m(client)[22m[39m [32mhmr update [39m[2m/@fs/C:\Users\felipe\Downloads\cartoon-cooking-game\src\components\GameCanvas.tsx, /src/index.css[22m
[2m12:16:46 a. m.[22m [36m[1m[vite][22m[39m [90m[2m(client)[22m[39m [33mhmr invalidate [39m[2m/@fs/C:\Users\felipe\Downloads\cartoon-cooking-game\src\components\GameCanvas.tsx[22m Could not Fast Refresh ("isAndroidDevice" export is incompatible). Learn more at https://github.com/vitejs/vite-plugin-react/tree/main/packages/plugin-react#consistent-components-exports
[2m12:16:46 a. m.[22m [36m[1m[vite][22m[39m [90m[2m(client)[22m[39m [32mhmr update [39m[2m/src/index.css, /src/App.tsx[22m
[2m1:20:17 a. m.[22m [36m[1m[vite][22m[39m [90m[2m(client)[22m[39m [32mhmr update [39m[2m/@fs/C:\Users\felipe\Downloads\cartoon-cooking-game\src\components\GameCanvas.tsx, /src/index.css[22m
[2m1:19:14 a. m.[22m [36m[1m[vite][22m[39m [90m[2m(client)[22m[39m [32mhmr update [39m[2m/@fs/C:\Users\felipe\Downloads\cartoon-cooking-game\src\components\GameCanvas.tsx, /src/index.css[22m
[2m1:19:43 a. m.[22m [36m[1m[vite][22m[39m [90m[2m(client)[22m[39m [32mhmr update [39m[2m/@fs/C:\Users\felipe\Downloads\cartoon-cooking-game\src\components\GameCanvas.tsx, /src/index.css[22m
[2m1:19:47 a. m.[22m [36m[1m[vite][22m[39m [90m[2m(client)[22m[39m [32mhmr update [39m[2m/@fs/C:\Users\felipe\Downloads\cartoon-cooking-game\src\components\GameCanvas.tsx, /src/index.css[22m

C:\Users\felipe\Downloads\cartoon-cooking-game>